{\rtf1\ansi\ansicpg1252\cocoartf2761
\cocoatextscaling0\cocoaplatform0{\fonttbl\f0\fswiss\fcharset0 Helvetica;}
{\colortbl;\red255\green255\blue255;}
{\*\expandedcolortbl;;}
\paperw11900\paperh16840\margl1440\margr1440\vieww38200\viewh18400\viewkind0
\pard\tx720\tx1440\tx2160\tx2880\tx3600\tx4320\tx5040\tx5760\tx6480\tx7200\tx7920\tx8640\pardirnatural\partightenfactor0

\f0\fs24 \cf0  Error loading schedule config: \
 Error checking date: \
 Error checking date: \
 Error checking date: \
 Error checking date: \
 Error checking date: \
 Error checking date: \
 Error checking date: \
 Error checking date: \
 Error checking date: \
 Error checking date: \
 Error checking date: \
 Error checking date: \
 Error checking date: \
 Error checking date: \
 Error checking date: \
 Error checking date: \
 Error checking date: \
 Error checking date: \
 Error checking date: \
 Error checking date: \
 Error checking date: \
 Error checking date: \
 Error checking date: \
 Error checking date: \
 Error checking date: \
 Error checking date: \
 Error checking date: \
 Error checking date: \
 Error checking date: \
 Error checking date: \
 Error checking date: \
 Error loading slots: \
 Error loading slots: \
 Error loading slots: \
 Error loading slots: \
 Error loading slots: \
 Error loading slots: \
 Error loading slots: \
 Error loading slots: \
 Error loading slots: \
 Error loading slots: \
 Error loading slots: \
 Error loading slots: \
 Error loading slots: \
 Error loading slots: \
 Error loading slots: \
 Error loading slots: \
 Error loading slots: \
 Error loading slots: \
 Error loading slots: \
 Error loading slots: \
 Error loading slots: \
 Error loading slots: \
 Error loading slots: \
 Error loading slots: \
 Error loading slots: \
 Error loading slots: \
 Error loading slots: \
 Error loading slots: \
 Error loading slots: \
 Error loading slots: \
 Error loading slots: \
 Error loading slots: \
 Error loading slots: \
 Error loading slots: \
 Error loading slots: \
 Error loading slots: \
 Error loading slots: \
 Error loading slots: \
 Error loading slots: \
 Error loading slots: \
 Error loading slots: \
 Error loading slots: \
 Error loading slots: \
 Error loading slots: \
 Error loading slots: \
 Error loading slots: \
 Error loading slots: \
 Error loading slots: \
 Error loading slots: \
 Error loading slots: \
 Error loading slots: \
 Error loading slots: \
 Error loading slots: \
 Error loading slots: \
 Error loading slots: \
 Error loading slots: \
 Error loading slots: \
 Error loading slots: \
 Error loading slots: \
 Error loading slots: \
 Error loading slots: \
 Error loading slots: \
 Error loading slots: \
 Error loading slots: \
 Error loading slots: \
 Error loading slots: \
 Error loading slots: \
 Error loading slots: \
 Error loading slots: \
 Error loading slots: \
 Error loading slots: \
 Error loading slots: \
 Error loading slots: \
 Error loading slots: \
 Error loading slots: \
 Error loading slots: \
 Error loading slots: \
 Error loading slots: \
 Error loading slots: \
 Error loading slots: \
 Error loading slots: \
 Error loading slots: \
 Error loading slots: \
 Error loading slots: \
 Error loading slots: \
 Error loading slots: \
 Error loading slots: \
 Error loading slots: \
 Error loading slots: \
 Error loading slots: \
 Error loading slots: \
 Error loading slots: \
 Error loading slots: \
 Error loading slots: \
 Error loading slots: \
 Error loading slots: \
 Error loading slots: \
 Error loading slots: \
 Error loading slots: \
 Error loading slots: \
 Error loading slots: \
 Error loading slots: \
 Error loading slots: \
 Error loading slots: \
 Error loading slots: \
 Error loading slots: \
 Error loading slots: \
 Error loading slots: \
 Error loading slots: \
 Error loading slots: \
 Error loading slots: \
 Error loading slots: \
 Error loading slots: \
 Error loading slots: \
 Error loading slots: \
 Error loading slots: \
 Error loading slots: \
 Error loading slots: \
 Error loading slots: \
 Error loading slots: \
 Error loading slots: \
 Error loading slots: \
 Error loading slots: \
 Error loading slots: \
 Error loading slots: \
 Error loading slots: \
 Error loading slots: \
 Error loading slots: \
 Error loading slots: \
 Error loading slots: \
 Error loading slots: \
 Error loading slots: \
 Error loading slots: \
 Error loading slots: \
 Error loading slots: \
 Error loading slots: \
 Error loading slots: \
 Error loading slots: \
 Error loading slots: \
 Error loading slots: \
 Error loading slots: \
 Error loading slots: \
 Error loading slots: \
 Error loading slots: \
 Error loading slots: \
 Error loading slots: \
 Error loading slots: \
 Error loading slots: \
 Error loading slots: \
 Error loading slots: \
 Error loading slots: \
 Error loading slots: \
 Error loading slots: \
 Error loading slots: \
 Error loading slots: \
 Error loading slots: \
 Error loading slots: \
 Error loading slots: \
 Error loading slots: \
 Error loading slots: \
 Error loading slots: \
 Error loading slots: \
 Error loading slots: \
 Error loading slots: \
 Error loading slots: \
 Error loading slots: \
 Error loading slots: \
 Error loading slots: \
 Error loading slots: \
 Error loading slots: \
 Error loading slots: \
 Error loading slots: \
 Error loading slots: \
 Error loading slots: \
 Error loading slots: \
 Error loading slots: \
 Error loading slots: \
 Error loading slots: \
 Error loading slots: \
 Error loading slots: \
 Error loading slots: \
 Error loading slots: \
 Error loading slots: \
 Error loading slots: \
 Error loading blocked slots: \
 Error loading slots: \
 Error loading days off: \
 Error loading blocked slots: \
 Error loading days off: \
 Error loading slots: \
 Error loading booked appointments: \
 Error loading blocked slots: \
 Error loading booked appointments: \
 Error loading blocked slots: \
 Error loading slots: \
 Error loading days off: \
 Error loading days off: \
 Error loading booked appointments: \
 Error loading slots: \
 Error loading booked appointments: \
 Error loading blocked slots: \
 Error loading slots: \
 Error loading blocked slots: \
 Error loading days off: \
 Error loading days off: \
 Error loading slots: \
 Error loading booked appointments: \
 Error loading blocked slots: \
 Error loading booked appointments: \
 Error loading blocked slots: \
 Error loading days off: \
 Error loading slots: \
 Error loading days off: \
 Error loading slots: \
 Error loading booked appointments: \
 Error loading blocked slots: \
 Error loading booked appointments: \
 Error loading blocked slots: \
 Error loading slots: \
 Error loading days off: \
 Error loading days off: \
 Error loading slots: \
 Error loading booked appointments: \
 Error loading blocked slots: \
 Error loading booked appointments: \
 Error loading blocked slots: \
 Error loading slots: \
 Error loading days off: \
 Error loading days off: \
 Error loading slots: \
 Error loading booked appointments: \
 Error loading blocked slots: \
 Error loading blocked slots: \
 Error loading booked appointments: \
 Error loading slots: \
 Error loading days off: \
 Error loading days off: \
 Error loading slots: \
 Error loading blocked slots: \
 Error loading booked appointments: \
 Error loading booked appointments: \
 Error loading blocked slots: \
 Error loading slots: \
 Error loading days off: \
 Error loading days off: \
 Error loading slots: \
 Error loading booked appointments: \
 Error loading blocked slots: \
 Error loading booked appointments: \
 Error loading blocked slots: \
 Error loading slots: \
 Error loading days off: \
 Error loading days off: \
 Error loading blocked slots: \
 Error loading slots: \
 Error loading booked appointments: \
 Error loading blocked slots: \
 Error loading booked appointments: \
 Error loading days off: \
 Error loading slots: \
 Error loading days off: \
 Error loading slots: \
 Error loading blocked slots: \
 Error loading booked appointments: \
 Error loading blocked slots: \
 Error loading booked appointments: \
 Error loading days off: \
 Error loading days off: \
 Error loading slots: \
 Error loading blocked slots: \
 Error loading booked appointments: \
 Error loading slots: \
 Error loading blocked slots: \
 Error loading days off: \
 Error loading booked appointments: \
 Error loading days off: \
 Error loading slots: \
 Error loading blocked slots: \
 Error loading slots: \
 Error loading booked appointments: \
 Error loading blocked slots: \
 Error loading days off: \
 Error loading booked appointments: \
 Error loading days off: \
 Error loading slots: \
 Error loading blocked slots: \
 Error loading slots: \
 Error loading booked appointments: \
 Error loading blocked slots: \
 Error loading booked appointments: \
 Error loading days off: \
 Error loading days off: \
 Error loading slots: \
 Error loading slots: \
 Error loading blocked slots: \
 Error loading booked appointments: \
 Error loading days off: \
 Error loading blocked slots: \
 Error loading booked appointments: \
 Error loading days off: \
 Error loading slots: \
 Error loading blocked slots: \
 Error loading booked appointments: \
 Error loading slots: \
 Error loading days off: \
 Error loading booked appointments: \
 Error loading blocked slots: \
 Error loading days off: \
 Error loading slots: \
 Error loading booked appointments: \
 Error loading slots: \
 Error loading blocked slots: \
 Error loading days off: \
 Error loading booked appointments: \
 Error loading blocked slots: \
 Error loading days off: \
 Error loading slots: \
 Error loading booked appointments: \
 Error loading blocked slots: \
 Error loading slots: \
 Error loading booked appointments: \
 Error loading blocked slots: \
 Error loading days off: \
 Error loading days off: \
 Error loading slots: \
 Error loading booked appointments: \
 Error loading blocked slots: \
 Error loading slots: \
 Error loading days off: \
 Error loading booked appointments: \
 Error loading blocked slots: \
 Error loading days off: \
 Error loading slots: \
 Error loading booked appointments: \
 Error loading slots: \
 Error loading blocked slots: \
 Error loading booked appointments: \
 Error loading days off: \
 Error loading blocked slots: \
 Error loading days off: \
 Error loading slots: \
 Error loading booked appointments: \
 Error loading blocked slots: \
 Error loading slots: \
 Error loading days off: \
 Error loading blocked slots: \
 Error loading booked appointments: \
 Error loading days off: \
 Error loading slots: \
 Error loading blocked slots: \
 Error loading slots: \
 Error loading booked appointments: \
 Error loading blocked slots: \
 Error loading days off: \
 Error loading booked appointments: \
 Error loading days off: \
 Error loading slots: \
 Error loading slots: \
 Error loading booked appointments: \
 Error loading days off: \
 Error loading booked appointments: \
 Error loading blocked slots: \
 Error loading days off: \
 Error loading slots: \
 Error loading blocked slots: \
 Error loading slots: \
 Error loading booked appointments: \
 Error loading days off: \
 Error loading booked appointments: \
 Error loading blocked slots: \
 Error loading days off: \
 Error loading slots: \
 Error loading blocked slots: \
 Error loading slots: \
 Error loading booked appointments: \
 Error loading days off: \
 Error loading booked appointments: \
 Error loading blocked slots: \
 Error loading slots: \
 Error loading days off: \
 Error loading blocked slots: \
 Error loading slots: \
 Error loading booked appointments: \
 Error loading days off: \
 Error loading booked appointments: \
 Error loading blocked slots: \
 Error loading days off: \
 Error loading slots: \
 Error loading blocked slots: \
 Error loading slots: \
 Error loading booked appointments: \
 Error loading days off: \
 Error loading booked appointments: \
 Error loading blocked slots: \
 Error loading slots: \
 Error loading days off: \
 Error loading blocked slots: \
 Error loading slots: \
 Error loading booked appointments: \
 Error loading days off: \
 Error loading booked appointments: \
 Error loading slots: \
 Error loading blocked slots: \
 Error loading days off: \
 Error loading blocked slots: \
 Error loading slots: \
 Error loading booked appointments: \
 Error loading days off: \
 Error loading booked appointments: \
 Error loading days off: \
 Error loading slots: \
 Error loading blocked slots: \
 Error loading blocked slots: \
 Error loading slots: \
 Error loading booked appointments: \
 Error loading days off: \
 Error loading booked appointments: \
 Error loading slots: \
 Error loading days off: \
 Error loading blocked slots: \
 Error loading blocked slots: \
 Error loading booked appointments: \
 Error loading slots: \
 Error loading days off: \
 Error loading booked appointments: \
 Error loading slots: \
 Error loading days off: \
 Error loading blocked slots: \
 Error loading blocked slots: \
 Error loading booked appointments: \
 Error loading slots: \
 Error loading days off: \
 Error loading booked appointments: \
 Error loading days off: \
 Error loading slots: \
 Error loading blocked slots: \
 Error loading blocked slots: \
 Error loading booked appointments: \
 Error loading slots: \
 Error loading days off: \
 Error loading booked appointments: \
 Error loading days off: \
 Error loading slots: \
 Error loading blocked slots: \
 Error loading blocked slots: \
 Error loading slots: \
 Error loading booked appointments: \
 Error loading days off: \
 Error loading booked appointments: \
 Error loading days off: \
 Error loading slots: \
 Error loading blocked slots: \
 Error loading blocked slots: \
 Error loading slots: \
 Error loading booked appointments: \
 Error loading days off: \
 Error loading booked appointments: \
 Error loading slots: \
 Error loading days off: \
 Error loading blocked slots: \
 Error loading slots: \
 Error loading blocked slots: \
 Error loading booked appointments: \
 Error loading days off: \
 Error loading booked appointments: \
 Error loading slots: \
 Error loading days off: \
 Error loading blocked slots: \
 Error loading slots: \
 Error loading booked appointments: \
 Error loading blocked slots: \
 Error loading days off: \
 Error loading booked appointments: \
 Error loading slots: \
 Error loading days off: \
 Error loading blocked slots: \
 Error loading slots: \
 Error loading booked appointments: \
 Error loading booked appointments: \
 Error loading days off: \
 Error loading blocked slots: \
 Error loading days off: \
 Error loading blocked slots: \
 Error loading slots: \
 Error loading blocked slots: \
 Error loading booked appointments: \
 Error loading booked appointments: \
 Error loading slots: \
 Error loading blocked slots: \
 Error loading booked appointments: \
 Error loading days off: \
 Error loading blocked slots: \
 Error loading days off: \
 Error loading booked appointments: \
 Error loading booked appointments: \
 Error loading days off: \
 Error loading blocked slots: \
 Error loading booked appointments: \
 Error loading days off: \
 Error loading slots: \
 Error loading blocked slots: \
 Error loading days off: \
 Error loading booked appointments: \
 Error loading blocked slots: \
 Error loading blocked slots: \
 Error loading booked appointments: \
 Error loading days off: \
 Error loading slots: \
 Error loading days off: \
 Error loading booked appointments: \
 Error loading blocked slots: \
 Error loading blocked slots: \
 Error loading booked appointments: \
 Error loading days off: \
 Error loading slots: \
 Error loading booked appointments: \
 Error loading days off: \
admin:1  Failed to load resource: the server responded with a status of 404 ()\
 Error loading blocked slots: \
 Error loading days off: \
 Error loading blocked slots: \
 Error loading booked appointments: \
 Error loading slots: \
 Error loading booked appointments: \
 Error loading days off: \
 Error loading blocked slots: \
 Error loading booked appointments: \
 Error loading days off: \
 Error loading blocked slots: \
 Error loading slots: \
 Error loading days off: \
 Error loading booked appointments: \
 Error loading blocked slots: \
 Error loading booked appointments: \
 Error loading blocked slots: \
 Error loading days off: \
 Error loading days off: \
 Error loading blocked slots: \
 Error loading booked appointments: \
 Error loading blocked slots: \
 Error loading days off: \
 Error loading booked appointments: \
 Error loading slots: \
 Error loading days off: \
 Error loading blocked slots: \
 Error loading booked appointments: \
 Error loading booked appointments: \
 Error loading days off: \
 Error loading blocked slots: \
 Error loading slots: \
 Error loading blocked slots: \
 Error loading days off: \
 Error loading booked appointments: \
 Error loading days off: \
 Error loading blocked slots: \
 Error loading booked appointments: \
 Error loading slots: \
 Error loading days off: \
 Error loading booked appointments: \
 Error loading blocked slots: \
 Error loading blocked slots: \
 Error loading booked appointments: \
 Error loading slots: \
 Error loading days off: \
 Error loading booked appointments: \
 Error loading days off: \
 Error loading blocked slots: \
 Error loading booked appointments: \
 Error loading days off: \
 Error loading blocked slots: \
 Error loading slots: \
 Error loading booked appointments: \
 Error loading blocked slots: \
 Error loading days off: \
 Error loading days off: \
 Error loading blocked slots: \
 Error loading booked appointments: \
 Error loading slots: \
 Error loading days off: \
 Error loading booked appointments: \
 Error loading booked appointments: \
 Error loading blocked slots: \
 Error loading days off: \
 Error loading blocked slots: \
 Error loading days off: \
 Error loading blocked slots: \
 Error loading days off: \
 Error loading booked appointments: \
 Error loading booked appointments: \
 Error loading blocked slots: \
 Error loading booked appointments: \
 Error loading blocked slots: \
 Error loading days off: \
 Error loading booked appointments: \
 Error loading days off: \
 Error loading blocked slots: \
 Error loading days off: \
 Error loading blocked slots: \
 Error loading blocked slots: \
 Error loading booked appointments: \
 Error loading booked appointments: \
 Error loading days off: \
 Error loading slots: \
 Error loading days off: \
 Error loading days off: \
 Error loading booked appointments: \
 Error loading booked appointments: \
 Error loading booked appointments: \
 Error loading days off: \
 Error loading days off: \
 Error loading blocked slots: \
 Error loading blocked slots: \
 Error loading booked appointments: \
 Error loading blocked slots: \
 Error loading booked appointments: \
 Error loading booked appointments: \
 Error loading days off: \
 Error loading blocked slots: \
 Error loading booked appointments: \
 Error loading blocked slots: \
 Error loading booked appointments: \
 Error loading blocked slots: \
 Error loading days off: \
 Error loading blocked slots: \
 Error loading blocked slots: \
 Error loading days off: \
 Error loading blocked slots: \
 Error loading booked appointments: \
 Error loading days off: \
 Error loading booked appointments: \
 Error loading booked appointments: \
 Error loading blocked slots: \
 Error loading booked appointments: \
 Error loading blocked slots: \
 Error loading days off: \
 Error loading booked appointments: \
 Error loading days off: \
 Error loading days off: \
 Error loading booked appointments: \
 Error loading blocked slots: \
 Error loading blocked slots: \
 Error loading blocked slots: \
 Error loading days off: \
 Error loading days off: \
 Error loading days off: \
 Error loading booked appointments: \
 Error loading booked appointments: \
 Error loading days off: \
 Error loading blocked slots: \
 Error loading days off: \
 Error loading slots: \
 Error loading blocked slots: \
 Error loading blocked slots: \
 Error loading blocked slots: \
 Error loading booked appointments: \
 Error loading days off: \
 Error loading blocked slots: \
 Error loading days off: \
 Error loading blocked slots: \
 Error loading blocked slots: \
 Error loading booked appointments: \
 Error loading booked appointments: \
 Error loading booked appointments: \
 Error loading days off: \
 Error loading booked appointments: \
 Error loading days off: \
 Error loading days off: \
 Error loading days off: \
 Error loading days off: \
 Error loading booked appointments: \
 Error loading blocked slots: \
 Error loading booked appointments: \
 Error loading blocked slots: \
 Error loading blocked slots: \
 Error loading blocked slots: \
 Error loading days off: \
 Error loading booked appointments: \
 Error loading booked appointments: \
 Error loading days off: \
 Error loading booked appointments: \
 Error loading days off: \
 Error loading blocked slots: \
 Error loading booked appointments: \
 Error loading days off: \
 Error loading blocked slots: \
 Error loading blocked slots: \
 Error loading booked appointments: \
 Error loading days off: \
 Error loading days off: \
 Error loading booked appointments: \
 Error loading blocked slots: \
 Error loading blocked slots: \
 Error loading booked appointments: \
 Error loading days off: \
 Error loading days off: \
 Error loading blocked slots: \
 Error loading blocked slots: \
 Error loading booked appointments: \
 Error loading days off: \
 Error loading booked appointments: \
 Error loading booked appointments: \
 Error loading blocked slots: \
 Error loading days off: \
 Error loading blocked slots: \
 Error loading booked appointments: \
 Error loading booked appointments: \
 Error loading blocked slots: \
 Error loading days off: \
 Error loading days off: \
 Error loading booked appointments: \
 Error loading days off: \
 Error loading days off: \
 Error loading blocked slots: \
 Error loading blocked slots: \
 Error loading days off: \
 Error loading booked appointments: \
 Error loading booked appointments: \
 Error loading days off: \
 Error loading blocked slots: \
 Error loading blocked slots: \
 Error loading blocked slots: \
 Error loading days off: \
 Error loading booked appointments: \
 Error loading days off: \
 Error loading booked appointments: \
 Error loading blocked slots: \
 Error loading blocked slots: \
 Error loading days off: \
 Error loading booked appointments: \
 Error loading slots: \
 Error loading days off: \
 Error loading blocked slots: \
 Error loading booked appointments: \
 Error loading booked appointments: \
 Error loading booked appointments: \
 Error loading days off: \
 Error loading blocked slots: \
 Error loading booked appointments: \
 Error loading days off: \
 Error loading blocked slots: \
 Error loading days off: \
 Error loading booked appointments: \
 Error loading blocked slots: \
 Error loading blocked slots: \
 Error loading days off: \
 Error loading days off: \
 Error loading booked appointments: \
 Error loading booked appointments: \
main.becf3a2c.js:2 Error loading blocked slots: SyntaxError: Unexpected token '<', "<!doctype "... is not valid JSON\
(anonymous) @ main.becf3a2c.js:2\
main.becf3a2c.js:2 Error loading booked appointments: SyntaxError: Unexpected token '<', "<!doctype "... is not valid JSON\
(anonymous) @ main.becf3a2c.js:2\
main.becf3a2c.js:2 Error loading blocked slots: SyntaxError: Unexpected token '<', "<!doctype "... is not valid JSON\
(anonymous) @ main.becf3a2c.js:2\
main.becf3a2c.js:2 Error loading days off: SyntaxError: Unexpected token '<', "<!doctype "... is not valid JSON\
(anonymous) @ main.becf3a2c.js:2\
main.becf3a2c.js:2 Error loading slots: SyntaxError: Unexpected token '<', "<!doctype "... is not valid JSON\
(anonymous) @ main.becf3a2c.js:2\
await in (anonymous)\
(anonymous) @ main.becf3a2c.js:2\
ns @ main.becf3a2c.js:2\
xu @ main.becf3a2c.js:2\
(anonymous) @ main.becf3a2c.js:2\
k @ main.becf3a2c.js:2\
T @ main.becf3a2c.js:2\
postMessage\
S @ main.becf3a2c.js:2\
R @ main.becf3a2c.js:2\
t.unstable_scheduleCallback @ main.becf3a2c.js:2\
Cu @ main.becf3a2c.js:2\
nu @ main.becf3a2c.js:2\
tu @ main.becf3a2c.js:2\
Gi @ main.becf3a2c.js:2\
(anonymous) @ main.becf3a2c.js:2\
main.becf3a2c.js:2 Error loading blocked slots: SyntaxError: Unexpected token '<', "<!doctype "... is not valid JSON\
(anonymous) @ main.becf3a2c.js:2\
main.becf3a2c.js:2 Error loading days off: SyntaxError: Unexpected token '<', "<!doctype "... is not valid JSON\
(anonymous) @ main.becf3a2c.js:2\
main.becf3a2c.js:2 Error loading days off: SyntaxError: Unexpected token '<', "<!doctype "... is not valid JSON\
(anonymous) @ main.becf3a2c.js:2\
main.becf3a2c.js:2 Error loading booked appointments: SyntaxError: Unexpected token '<', "<!doctype "... is not valid JSON\
(anonymous) @ main.becf3a2c.js:2\
main.becf3a2c.js:2 Error loading blocked slots: SyntaxError: Unexpected token '<', "<!doctype "... is not valid JSON\
(anonymous) @ main.becf3a2c.js:2\
main.becf3a2c.js:2 Error loading booked appointments: SyntaxError: Unexpected token '<', "<!doctype "... is not valid JSON\
(anonymous) @ main.becf3a2c.js:2\
main.becf3a2c.js:2 Error loading blocked slots: SyntaxError: Unexpected token '<', "<!doctype "... is not valid JSON\
(anonymous) @ main.becf3a2c.js:2\
main.becf3a2c.js:2 Error loading booked appointments: SyntaxError: Unexpected token '<', "<!doctype "... is not valid JSON\
(anonymous) @ main.becf3a2c.js:2\
main.becf3a2c.js:2 Error loading days off: SyntaxError: Unexpected token '<', "<!doctype "... is not valid JSON\
(anonymous) @ main.becf3a2c.js:2\
main.becf3a2c.js:2 Error loading days off: SyntaxError: Unexpected token '<', "<!doctype "... is not valid JSON\
(anonymous) @ main.becf3a2c.js:2\
main.becf3a2c.js:2 Error loading booked appointments: SyntaxError: Unexpected token '<', "<!doctype "... is not valid JSON\
(anonymous) @ main.becf3a2c.js:2\
main.becf3a2c.js:2 Error loading booked appointments: SyntaxError: Unexpected token '<', "<!doctype "... is not valid JSON\
(anonymous) @ main.becf3a2c.js:2\
main.becf3a2c.js:2 Error loading blocked slots: SyntaxError: Unexpected token '<', "<!doctype "... is not valid JSON\
(anonymous) @ main.becf3a2c.js:2\
main.becf3a2c.js:2 Error loading blocked slots: SyntaxError: Unexpected token '<', "<!doctype "... is not valid JSON\
(anonymous) @ main.becf3a2c.js:2\
main.becf3a2c.js:2 Error loading days off: SyntaxError: Unexpected token '<', "<!doctype "... is not valid JSON\
(anonymous) @ main.becf3a2c.js:2\
main.becf3a2c.js:2 Error loading blocked slots: SyntaxError: Unexpected token '<', "<!doctype "... is not valid JSON\
(anonymous) @ main.becf3a2c.js:2\
main.becf3a2c.js:2 Error loading booked appointments: SyntaxError: Unexpected token '<', "<!doctype "... is not valid JSON\
(anonymous) @ main.becf3a2c.js:2\
main.becf3a2c.js:2 Error loading blocked slots: SyntaxError: Unexpected token '<', "<!doctype "... is not valid JSON\
(anonymous) @ main.becf3a2c.js:2\
main.becf3a2c.js:2 Error loading booked appointments: SyntaxError: Unexpected token '<', "<!doctype "... is not valid JSON\
(anonymous) @ main.becf3a2c.js:2\
main.becf3a2c.js:2 Error loading booked appointments: SyntaxError: Unexpected token '<', "<!doctype "... is not valid JSON\
(anonymous) @ main.becf3a2c.js:2\
main.becf3a2c.js:2 Error loading days off: SyntaxError: Unexpected token '<', "<!doctype "... is not valid JSON\
(anonymous) @ main.becf3a2c.js:2\
main.becf3a2c.js:2 Error loading booked appointments: SyntaxError: Unexpected token '<', "<!doctype "... is not valid JSON\
(anonymous) @ main.becf3a2c.js:2\
main.becf3a2c.js:2 Error loading days off: SyntaxError: Unexpected token '<', "<!doctype "... is not valid JSON\
(anonymous) @ main.becf3a2c.js:2\
main.becf3a2c.js:2 Error loading days off: SyntaxError: Unexpected token '<', "<!doctype "... is not valid JSON\
(anonymous) @ main.becf3a2c.js:2\
main.becf3a2c.js:2 Error loading days off: SyntaxError: Unexpected token '<', "<!doctype "... is not valid JSON\
(anonymous) @ main.becf3a2c.js:2\
main.becf3a2c.js:2 Error loading booked appointments: SyntaxError: Unexpected token '<', "<!doctype "... is not valid JSON\
(anonymous) @ main.becf3a2c.js:2\
main.becf3a2c.js:2 Error loading blocked slots: SyntaxError: Unexpected token '<', "<!doctype "... is not valid JSON\
(anonymous) @ main.becf3a2c.js:2\
main.becf3a2c.js:2 Error loading blocked slots: SyntaxError: Unexpected token '<', "<!doctype "... is not valid JSON\
(anonymous) @ main.becf3a2c.js:2\
main.becf3a2c.js:2 Error loading blocked slots: SyntaxError: Unexpected token '<', "<!doctype "... is not valid JSON\
(anonymous) @ main.becf3a2c.js:2\
main.becf3a2c.js:2 Error loading booked appointments: SyntaxError: Unexpected token '<', "<!doctype "... is not valid JSON\
(anonymous) @ main.becf3a2c.js:2\
main.becf3a2c.js:2 Error loading days off: SyntaxError: Unexpected token '<', "<!doctype "... is not valid JSON\
(anonymous) @ main.becf3a2c.js:2\
main.becf3a2c.js:2 Error loading days off: SyntaxError: Unexpected token '<', "<!doctype "... is not valid JSON\
(anonymous) @ main.becf3a2c.js:2\
main.becf3a2c.js:2 Error loading blocked slots: SyntaxError: Unexpected token '<', "<!doctype "... is not valid JSON\
(anonymous) @ main.becf3a2c.js:2\
main.becf3a2c.js:2 Error loading blocked slots: SyntaxError: Unexpected token '<', "<!doctype "... is not valid JSON\
(anonymous) @ main.becf3a2c.js:2\
main.becf3a2c.js:2 Error loading days off: SyntaxError: Unexpected token '<', "<!doctype "... is not valid JSON\
(anonymous) @ main.becf3a2c.js:2\
main.becf3a2c.js:2 Error loading booked appointments: SyntaxError: Unexpected token '<', "<!doctype "... is not valid JSON\
(anonymous) @ main.becf3a2c.js:2\
main.becf3a2c.js:2 Error loading booked appointments: SyntaxError: Unexpected token '<', "<!doctype "... is not valid JSON\
(anonymous) @ main.becf3a2c.js:2\
main.becf3a2c.js:2 Error loading blocked slots: SyntaxError: Unexpected token '<', "<!doctype "... is not valid JSON\
(anonymous) @ main.becf3a2c.js:2\
main.becf3a2c.js:2 Error loading days off: SyntaxError: Unexpected token '<', "<!doctype "... is not valid JSON\
(anonymous) @ main.becf3a2c.js:2\
main.becf3a2c.js:2 Error loading blocked slots: SyntaxError: Unexpected token '<', "<!doctype "... is not valid JSON\
(anonymous) @ main.becf3a2c.js:2\
main.becf3a2c.js:2 Error loading booked appointments: SyntaxError: Unexpected token '<', "<!doctype "... is not valid JSON\
(anonymous) @ main.becf3a2c.js:2\
main.becf3a2c.js:2 Error loading blocked slots: SyntaxError: Unexpected token '<', "<!doctype "... is not valid JSON\
(anonymous) @ main.becf3a2c.js:2\
main.becf3a2c.js:2 Error loading days off: SyntaxError: Unexpected token '<', "<!doctype "... is not valid JSON\
(anonymous) @ main.becf3a2c.js:2\
main.becf3a2c.js:2 Error loading days off: SyntaxError: Unexpected token '<', "<!doctype "... is not valid JSON\
(anonymous) @ main.becf3a2c.js:2\
main.becf3a2c.js:2 Error loading booked appointments: SyntaxError: Unexpected token '<', "<!doctype "... is not valid JSON\
(anonymous) @ main.becf3a2c.js:2\
main.becf3a2c.js:2 Error loading slots: SyntaxError: Unexpected token '<', "<!doctype "... is not valid JSON\
(anonymous) @ main.becf3a2c.js:2\
await in (anonymous)\
(anonymous) @ main.becf3a2c.js:2\
ns @ main.becf3a2c.js:2\
xu @ main.becf3a2c.js:2\
(anonymous) @ main.becf3a2c.js:2\
k @ main.becf3a2c.js:2\
T @ main.becf3a2c.js:2\
postMessage\
S @ main.becf3a2c.js:2\
R @ main.becf3a2c.js:2\
t.unstable_scheduleCallback @ main.becf3a2c.js:2\
Cu @ main.becf3a2c.js:2\
nu @ main.becf3a2c.js:2\
tu @ main.becf3a2c.js:2\
Gi @ main.becf3a2c.js:2\
(anonymous) @ main.becf3a2c.js:2\
main.becf3a2c.js:2 Error loading blocked slots: SyntaxError: Unexpected token '<', "<!doctype "... is not valid JSON\
(anonymous) @ main.becf3a2c.js:2\
main.becf3a2c.js:2 Error loading blocked slots: SyntaxError: Unexpected token '<', "<!doctype "... is not valid JSON\
(anonymous) @ main.becf3a2c.js:2\
main.becf3a2c.js:2 Error loading booked appointments: SyntaxError: Unexpected token '<', "<!doctype "... is not valid JSON\
(anonymous) @ main.becf3a2c.js:2\
main.becf3a2c.js:2 Error loading days off: SyntaxError: Unexpected token '<', "<!doctype "... is not valid JSON\
(anonymous) @ main.becf3a2c.js:2\
main.becf3a2c.js:2 Error loading booked appointments: SyntaxError: Unexpected token '<', "<!doctype "... is not valid JSON\
(anonymous) @ main.becf3a2c.js:2\
main.becf3a2c.js:2 Error loading days off: SyntaxError: Unexpected token '<', "<!doctype "... is not valid JSON\
(anonymous) @ main.becf3a2c.js:2\
main.becf3a2c.js:2 Error loading slots: SyntaxError: Unexpected token '<', "<!doctype "... is not valid JSON\
(anonymous) @ main.becf3a2c.js:2\
await in (anonymous)\
(anonymous) @ main.becf3a2c.js:2\
ns @ main.becf3a2c.js:2\
xu @ main.becf3a2c.js:2\
(anonymous) @ main.becf3a2c.js:2\
k @ main.becf3a2c.js:2\
T @ main.becf3a2c.js:2\
postMessage\
S @ main.becf3a2c.js:2\
R @ main.becf3a2c.js:2\
t.unstable_scheduleCallback @ main.becf3a2c.js:2\
Cu @ main.becf3a2c.js:2\
nu @ main.becf3a2c.js:2\
tu @ main.becf3a2c.js:2\
Gi @ main.becf3a2c.js:2\
(anonymous) @ main.becf3a2c.js:2\
await in (anonymous)\
(anonymous) @ main.becf3a2c.js:2\
ns @ main.becf3a2c.js:2\
xu @ main.becf3a2c.js:2\
(anonymous) @ main.becf3a2c.js:2\
k @ main.becf3a2c.js:2\
T @ main.becf3a2c.js:2\
postMessage\
S @ main.becf3a2c.js:2\
R @ main.becf3a2c.js:2\
t.unstable_scheduleCallback @ main.becf3a2c.js:2\
Cu @ main.becf3a2c.js:2\
nu @ main.becf3a2c.js:2\
tu @ main.becf3a2c.js:2\
Gi @ main.becf3a2c.js:2\
(anonymous) @ main.becf3a2c.js:2\
main.becf3a2c.js:2 Error loading booked appointments: SyntaxError: Unexpected token '<', "<!doctype "... is not valid JSON\
(anonymous) @ main.becf3a2c.js:2\
main.becf3a2c.js:2 Error loading days off: SyntaxError: Unexpected token '<', "<!doctype "... is not valid JSON\
(anonymous) @ main.becf3a2c.js:2\
main.becf3a2c.js:2 Error loading blocked slots: SyntaxError: Unexpected token '<', "<!doctype "... is not valid JSON\
(anonymous) @ main.becf3a2c.js:2\
main.becf3a2c.js:2 Error loading blocked slots: SyntaxError: Unexpected token '<', "<!doctype "... is not valid JSON\
(anonymous) @ main.becf3a2c.js:2\
main.becf3a2c.js:2 Error loading slots: SyntaxError: Unexpected token '<', "<!doctype "... is not valid JSON\
(anonymous) @ main.becf3a2c.js:2\
await in (anonymous)\
(anonymous) @ main.becf3a2c.js:2\
ns @ main.becf3a2c.js:2\
xu @ main.becf3a2c.js:2\
(anonymous) @ main.becf3a2c.js:2\
k @ main.becf3a2c.js:2\
T @ main.becf3a2c.js:2\
postMessage\
S @ main.becf3a2c.js:2\
R @ main.becf3a2c.js:2\
t.unstable_scheduleCallback @ main.becf3a2c.js:2\
Cu @ main.becf3a2c.js:2\
nu @ main.becf3a2c.js:2\
tu @ main.becf3a2c.js:2\
Gi @ main.becf3a2c.js:2\
(anonymous) @ main.becf3a2c.js:2\
await in (anonymous)\
(anonymous) @ main.becf3a2c.js:2\
ns @ main.becf3a2c.js:2\
xu @ main.becf3a2c.js:2\
(anonymous) @ main.becf3a2c.js:2\
k @ main.becf3a2c.js:2\
T @ main.becf3a2c.js:2\
postMessage\
S @ main.becf3a2c.js:2\
R @ main.becf3a2c.js:2\
t.unstable_scheduleCallback @ main.becf3a2c.js:2\
Cu @ main.becf3a2c.js:2\
nu @ main.becf3a2c.js:2\
tu @ main.becf3a2c.js:2\
Gi @ main.becf3a2c.js:2\
(anonymous) @ main.becf3a2c.js:2\
await in (anonymous)\
(anonymous) @ main.becf3a2c.js:2\
ns @ main.becf3a2c.js:2\
xu @ main.becf3a2c.js:2\
(anonymous) @ main.becf3a2c.js:2\
k @ main.becf3a2c.js:2\
T @ main.becf3a2c.js:2\
postMessage\
S @ main.becf3a2c.js:2\
R @ main.becf3a2c.js:2\
t.unstable_scheduleCallback @ main.becf3a2c.js:2\
Cu @ main.becf3a2c.js:2\
nu @ main.becf3a2c.js:2\
tu @ main.becf3a2c.js:2\
Gi @ main.becf3a2c.js:2\
(anonymous) @ main.becf3a2c.js:2\
main.becf3a2c.js:2 Error loading booked appointments: SyntaxError: Unexpected token '<', "<!doctype "... is not valid JSON\
(anonymous) @ main.becf3a2c.js:2\
main.becf3a2c.js:2 Error loading days off: SyntaxError: Unexpected token '<', "<!doctype "... is not valid JSON\
(anonymous) @ main.becf3a2c.js:2\
main.becf3a2c.js:2 Error loading booked appointments: SyntaxError: Unexpected token '<', "<!doctype "... is not valid JSON\
(anonymous) @ main.becf3a2c.js:2\
main.becf3a2c.js:2 Error loading blocked slots: SyntaxError: Unexpected token '<', "<!doctype "... is not valid JSON\
(anonymous) @ main.becf3a2c.js:2\
main.becf3a2c.js:2 Error loading days off: SyntaxError: Unexpected token '<', "<!doctype "... is not valid JSON\
(anonymous) @ main.becf3a2c.js:2\
main.becf3a2c.js:2 Error loading blocked slots: SyntaxError: Unexpected token '<', "<!doctype "... is not valid JSON\
(anonymous) @ main.becf3a2c.js:2\
main.becf3a2c.js:2 Error loading booked appointments: SyntaxError: Unexpected token '<', "<!doctype "... is not valid JSON\
(anonymous) @ main.becf3a2c.js:2\
main.becf3a2c.js:2 Error loading slots: SyntaxError: Unexpected token '<', "<!doctype "... is not valid JSON\
(anonymous) @ main.becf3a2c.js:2\
await in (anonymous)\
(anonymous) @ main.becf3a2c.js:2\
ns @ main.becf3a2c.js:2\
xu @ main.becf3a2c.js:2\
(anonymous) @ main.becf3a2c.js:2\
k @ main.becf3a2c.js:2\
T @ main.becf3a2c.js:2\
postMessage\
S @ main.becf3a2c.js:2\
R @ main.becf3a2c.js:2\
t.unstable_scheduleCallback @ main.becf3a2c.js:2\
Cu @ main.becf3a2c.js:2\
nu @ main.becf3a2c.js:2\
tu @ main.becf3a2c.js:2\
Gi @ main.becf3a2c.js:2\
(anonymous) @ main.becf3a2c.js:2\
await in (anonymous)\
(anonymous) @ main.becf3a2c.js:2\
ns @ main.becf3a2c.js:2\
xu @ main.becf3a2c.js:2\
(anonymous) @ main.becf3a2c.js:2\
k @ main.becf3a2c.js:2\
T @ main.becf3a2c.js:2\
postMessage\
S @ main.becf3a2c.js:2\
R @ main.becf3a2c.js:2\
t.unstable_scheduleCallback @ main.becf3a2c.js:2\
Cu @ main.becf3a2c.js:2\
nu @ main.becf3a2c.js:2\
tu @ main.becf3a2c.js:2\
Gi @ main.becf3a2c.js:2\
(anonymous) @ main.becf3a2c.js:2\
await in (anonymous)\
(anonymous) @ main.becf3a2c.js:2\
ns @ main.becf3a2c.js:2\
xu @ main.becf3a2c.js:2\
(anonymous) @ main.becf3a2c.js:2\
k @ main.becf3a2c.js:2\
T @ main.becf3a2c.js:2\
postMessage\
S @ main.becf3a2c.js:2\
R @ main.becf3a2c.js:2\
t.unstable_scheduleCallback @ main.becf3a2c.js:2\
Cu @ main.becf3a2c.js:2\
nu @ main.becf3a2c.js:2\
tu @ main.becf3a2c.js:2\
Gi @ main.becf3a2c.js:2\
(anonymous) @ main.becf3a2c.js:2\
await in (anonymous)\
(anonymous) @ main.becf3a2c.js:2\
ns @ main.becf3a2c.js:2\
xu @ main.becf3a2c.js:2\
(anonymous) @ main.becf3a2c.js:2\
k @ main.becf3a2c.js:2\
T @ main.becf3a2c.js:2\
postMessage\
S @ main.becf3a2c.js:2\
R @ main.becf3a2c.js:2\
t.unstable_scheduleCallback @ main.becf3a2c.js:2\
Cu @ main.becf3a2c.js:2\
nu @ main.becf3a2c.js:2\
tu @ main.becf3a2c.js:2\
Gi @ main.becf3a2c.js:2\
(anonymous) @ main.becf3a2c.js:2\
main.becf3a2c.js:2 Error loading days off: SyntaxError: Unexpected token '<', "<!doctype "... is not valid JSON\
(anonymous) @ main.becf3a2c.js:2\
main.becf3a2c.js:2 Error loading slots: SyntaxError: Unexpected token '<', "<!doctype "... is not valid JSON\
(anonymous) @ main.becf3a2c.js:2\
await in (anonymous)\
(anonymous) @ main.becf3a2c.js:2\
ns @ main.becf3a2c.js:2\
xu @ main.becf3a2c.js:2\
(anonymous) @ main.becf3a2c.js:2\
k @ main.becf3a2c.js:2\
T @ main.becf3a2c.js:2\
postMessage\
S @ main.becf3a2c.js:2\
R @ main.becf3a2c.js:2\
t.unstable_scheduleCallback @ main.becf3a2c.js:2\
Cu @ main.becf3a2c.js:2\
nu @ main.becf3a2c.js:2\
tu @ main.becf3a2c.js:2\
Gi @ main.becf3a2c.js:2\
(anonymous) @ main.becf3a2c.js:2\
main.becf3a2c.js:2 Error loading days off: SyntaxError: Unexpected token '<', "<!doctype "... is not valid JSON\
(anonymous) @ main.becf3a2c.js:2\
main.becf3a2c.js:2 Error loading blocked slots: SyntaxError: Unexpected token '<', "<!doctype "... is not valid JSON\
(anonymous) @ main.becf3a2c.js:2\
main.becf3a2c.js:2 Error loading days off: SyntaxError: Unexpected token '<', "<!doctype "... is not valid JSON\
(anonymous) @ main.becf3a2c.js:2\
main.becf3a2c.js:2 Error loading blocked slots: SyntaxError: Unexpected token '<', "<!doctype "... is not valid JSON\
(anonymous) @ main.becf3a2c.js:2\
main.becf3a2c.js:2 Error loading booked appointments: SyntaxError: Unexpected token '<', "<!doctype "... is not valid JSON\
(anonymous) @ main.becf3a2c.js:2\
main.becf3a2c.js:2 Error loading booked appointments: SyntaxError: Unexpected token '<', "<!doctype "... is not valid JSON\
(anonymous) @ main.becf3a2c.js:2\
main.becf3a2c.js:2 Error loading days off: SyntaxError: Unexpected token '<', "<!doctype "... is not valid JSON\
(anonymous) @ main.becf3a2c.js:2\
main.becf3a2c.js:2 Error loading slots: SyntaxError: Unexpected token '<', "<!doctype "... is not valid JSON\
(anonymous) @ main.becf3a2c.js:2\
await in (anonymous)\
(anonymous) @ main.becf3a2c.js:2\
ns @ main.becf3a2c.js:2\
xu @ main.becf3a2c.js:2\
(anonymous) @ main.becf3a2c.js:2\
k @ main.becf3a2c.js:2\
T @ main.becf3a2c.js:2\
postMessage\
S @ main.becf3a2c.js:2\
R @ main.becf3a2c.js:2\
t.unstable_scheduleCallback @ main.becf3a2c.js:2\
Cu @ main.becf3a2c.js:2\
nu @ main.becf3a2c.js:2\
tu @ main.becf3a2c.js:2\
Gi @ main.becf3a2c.js:2\
(anonymous) @ main.becf3a2c.js:2\
await in (anonymous)\
(anonymous) @ main.becf3a2c.js:2\
ns @ main.becf3a2c.js:2\
xu @ main.becf3a2c.js:2\
(anonymous) @ main.becf3a2c.js:2\
k @ main.becf3a2c.js:2\
T @ main.becf3a2c.js:2\
postMessage\
S @ main.becf3a2c.js:2\
R @ main.becf3a2c.js:2\
t.unstable_scheduleCallback @ main.becf3a2c.js:2\
Cu @ main.becf3a2c.js:2\
nu @ main.becf3a2c.js:2\
tu @ main.becf3a2c.js:2\
Gi @ main.becf3a2c.js:2\
(anonymous) @ main.becf3a2c.js:2\
main.becf3a2c.js:2 Error loading blocked slots: SyntaxError: Unexpected token '<', "<!doctype "... is not valid JSON\
(anonymous) @ main.becf3a2c.js:2\
main.becf3a2c.js:2 Error loading booked appointments: SyntaxError: Unexpected token '<', "<!doctype "... is not valid JSON\
(anonymous) @ main.becf3a2c.js:2\
main.becf3a2c.js:2 Error loading days off: SyntaxError: Unexpected token '<', "<!doctype "... is not valid JSON\
(anonymous) @ main.becf3a2c.js:2\
main.becf3a2c.js:2 Error loading blocked slots: SyntaxError: Unexpected token '<', "<!doctype "... is not valid JSON\
(anonymous) @ main.becf3a2c.js:2\
main.becf3a2c.js:2 Error loading booked appointments: SyntaxError: Unexpected token '<', "<!doctype "... is not valid JSON\
(anonymous) @ main.becf3a2c.js:2\
main.becf3a2c.js:2 Error loading blocked slots: SyntaxError: Unexpected token '<', "<!doctype "... is not valid JSON\
(anonymous) @ main.becf3a2c.js:2\
main.becf3a2c.js:2 Error loading blocked slots: SyntaxError: Unexpected token '<', "<!doctype "... is not valid JSON\
(anonymous) @ main.becf3a2c.js:2\
main.becf3a2c.js:2 Error loading days off: SyntaxError: Unexpected token '<', "<!doctype "... is not valid JSON\
(anonymous) @ main.becf3a2c.js:2\
main.becf3a2c.js:2 Error loading booked appointments: SyntaxError: Unexpected token '<', "<!doctype "... is not valid JSON\
(anonymous) @ main.becf3a2c.js:2\
main.becf3a2c.js:2 Error loading slots: SyntaxError: Unexpected token '<', "<!doctype "... is not valid JSON\
(anonymous) @ main.becf3a2c.js:2\
await in (anonymous)\
(anonymous) @ main.becf3a2c.js:2\
ns @ main.becf3a2c.js:2\
xu @ main.becf3a2c.js:2\
(anonymous) @ main.becf3a2c.js:2\
k @ main.becf3a2c.js:2\
T @ main.becf3a2c.js:2\
postMessage\
S @ main.becf3a2c.js:2\
R @ main.becf3a2c.js:2\
t.unstable_scheduleCallback @ main.becf3a2c.js:2\
Cu @ main.becf3a2c.js:2\
nu @ main.becf3a2c.js:2\
tu @ main.becf3a2c.js:2\
Gi @ main.becf3a2c.js:2\
(anonymous) @ main.becf3a2c.js:2\
await in (anonymous)\
(anonymous) @ main.becf3a2c.js:2\
ns @ main.becf3a2c.js:2\
xu @ main.becf3a2c.js:2\
(anonymous) @ main.becf3a2c.js:2\
k @ main.becf3a2c.js:2\
T @ main.becf3a2c.js:2\
postMessage\
S @ main.becf3a2c.js:2\
R @ main.becf3a2c.js:2\
t.unstable_scheduleCallback @ main.becf3a2c.js:2\
Cu @ main.becf3a2c.js:2\
nu @ main.becf3a2c.js:2\
tu @ main.becf3a2c.js:2\
Gi @ main.becf3a2c.js:2\
(anonymous) @ main.becf3a2c.js:2\
await in (anonymous)\
(anonymous) @ main.becf3a2c.js:2\
ns @ main.becf3a2c.js:2\
xu @ main.becf3a2c.js:2\
(anonymous) @ main.becf3a2c.js:2\
k @ main.becf3a2c.js:2\
T @ main.becf3a2c.js:2\
postMessage\
S @ main.becf3a2c.js:2\
R @ main.becf3a2c.js:2\
t.unstable_scheduleCallback @ main.becf3a2c.js:2\
Cu @ main.becf3a2c.js:2\
nu @ main.becf3a2c.js:2\
tu @ main.becf3a2c.js:2\
Gi @ main.becf3a2c.js:2\
(anonymous) @ main.becf3a2c.js:2\
main.becf3a2c.js:2 Error loading days off: SyntaxError: Unexpected token '<', "<!doctype "... is not valid JSON\
(anonymous) @ main.becf3a2c.js:2\
main.becf3a2c.js:2 Error loading booked appointments: SyntaxError: Unexpected token '<', "<!doctype "... is not valid JSON\
(anonymous) @ main.becf3a2c.js:2\
main.becf3a2c.js:2 Error loading days off: SyntaxError: Unexpected token '<', "<!doctype "... is not valid JSON\
(anonymous) @ main.becf3a2c.js:2\
main.becf3a2c.js:2 Error loading slots: SyntaxError: Unexpected token '<', "<!doctype "... is not valid JSON\
(anonymous) @ main.becf3a2c.js:2\
await in (anonymous)\
(anonymous) @ main.becf3a2c.js:2\
ns @ main.becf3a2c.js:2\
xu @ main.becf3a2c.js:2\
(anonymous) @ main.becf3a2c.js:2\
k @ main.becf3a2c.js:2\
T @ main.becf3a2c.js:2\
postMessage\
S @ main.becf3a2c.js:2\
R @ main.becf3a2c.js:2\
t.unstable_scheduleCallback @ main.becf3a2c.js:2\
Cu @ main.becf3a2c.js:2\
nu @ main.becf3a2c.js:2\
tu @ main.becf3a2c.js:2\
Gi @ main.becf3a2c.js:2\
(anonymous) @ main.becf3a2c.js:2\
await in (anonymous)\
(anonymous) @ main.becf3a2c.js:2\
ns @ main.becf3a2c.js:2\
xu @ main.becf3a2c.js:2\
(anonymous) @ main.becf3a2c.js:2\
k @ main.becf3a2c.js:2\
T @ main.becf3a2c.js:2\
postMessage\
S @ main.becf3a2c.js:2\
R @ main.becf3a2c.js:2\
t.unstable_scheduleCallback @ main.becf3a2c.js:2\
Cu @ main.becf3a2c.js:2\
nu @ main.becf3a2c.js:2\
tu @ main.becf3a2c.js:2\
Gi @ main.becf3a2c.js:2\
(anonymous) @ main.becf3a2c.js:2\
await in (anonymous)\
(anonymous) @ main.becf3a2c.js:2\
ns @ main.becf3a2c.js:2\
xu @ main.becf3a2c.js:2\
(anonymous) @ main.becf3a2c.js:2\
k @ main.becf3a2c.js:2\
T @ main.becf3a2c.js:2\
postMessage\
S @ main.becf3a2c.js:2\
R @ main.becf3a2c.js:2\
t.unstable_scheduleCallback @ main.becf3a2c.js:2\
Cu @ main.becf3a2c.js:2\
nu @ main.becf3a2c.js:2\
tu @ main.becf3a2c.js:2\
Gi @ main.becf3a2c.js:2\
(anonymous) @ main.becf3a2c.js:2\
await in (anonymous)\
(anonymous) @ main.becf3a2c.js:2\
ns @ main.becf3a2c.js:2\
xu @ main.becf3a2c.js:2\
(anonymous) @ main.becf3a2c.js:2\
k @ main.becf3a2c.js:2\
T @ main.becf3a2c.js:2\
postMessage\
S @ main.becf3a2c.js:2\
R @ main.becf3a2c.js:2\
t.unstable_scheduleCallback @ main.becf3a2c.js:2\
Cu @ main.becf3a2c.js:2\
nu @ main.becf3a2c.js:2\
tu @ main.becf3a2c.js:2\
Gi @ main.becf3a2c.js:2\
(anonymous) @ main.becf3a2c.js:2\
main.becf3a2c.js:2 Error loading days off: SyntaxError: Unexpected token '<', "<!doctype "... is not valid JSON\
(anonymous) @ main.becf3a2c.js:2\
main.becf3a2c.js:2 Error loading blocked slots: SyntaxError: Unexpected token '<', "<!doctype "... is not valid JSON\
(anonymous) @ main.becf3a2c.js:2\
main.becf3a2c.js:2 Error loading booked appointments: SyntaxError: Unexpected token '<', "<!doctype "... is not valid JSON\
(anonymous) @ main.becf3a2c.js:2\
main.becf3a2c.js:2 Error loading blocked slots: SyntaxError: Unexpected token '<', "<!doctype "... is not valid JSON\
(anonymous) @ main.becf3a2c.js:2\
main.becf3a2c.js:2 Error loading booked appointments: SyntaxError: Unexpected token '<', "<!doctype "... is not valid JSON\
(anonymous) @ main.becf3a2c.js:2\
main.becf3a2c.js:2 Error loading booked appointments: SyntaxError: Unexpected token '<', "<!doctype "... is not valid JSON\
(anonymous) @ main.becf3a2c.js:2\
main.becf3a2c.js:2 Error loading blocked slots: SyntaxError: Unexpected token '<', "<!doctype "... is not valid JSON\
(anonymous) @ main.becf3a2c.js:2\
main.becf3a2c.js:2 Error loading booked appointments: SyntaxError: Unexpected token '<', "<!doctype "... is not valid JSON\
(anonymous) @ main.becf3a2c.js:2\
main.becf3a2c.js:2 Error loading blocked slots: SyntaxError: Unexpected token '<', "<!doctype "... is not valid JSON\
(anonymous) @ main.becf3a2c.js:2\
main.becf3a2c.js:2 Error loading days off: SyntaxError: Unexpected token '<', "<!doctype "... is not valid JSON\
(anonymous) @ main.becf3a2c.js:2\
main.becf3a2c.js:2 Error loading days off: SyntaxError: Unexpected token '<', "<!doctype "... is not valid JSON\
(anonymous) @ main.becf3a2c.js:2\
main.becf3a2c.js:2 Error loading slots: SyntaxError: Unexpected token '<', "<!doctype "... is not valid JSON\
(anonymous) @ main.becf3a2c.js:2\
await in (anonymous)\
(anonymous) @ main.becf3a2c.js:2\
ns @ main.becf3a2c.js:2\
xu @ main.becf3a2c.js:2\
(anonymous) @ main.becf3a2c.js:2\
k @ main.becf3a2c.js:2\
T @ main.becf3a2c.js:2\
postMessage\
S @ main.becf3a2c.js:2\
R @ main.becf3a2c.js:2\
t.unstable_scheduleCallback @ main.becf3a2c.js:2\
Cu @ main.becf3a2c.js:2\
nu @ main.becf3a2c.js:2\
tu @ main.becf3a2c.js:2\
Gi @ main.becf3a2c.js:2\
(anonymous) @ main.becf3a2c.js:2\
await in (anonymous)\
(anonymous) @ main.becf3a2c.js:2\
ns @ main.becf3a2c.js:2\
xu @ main.becf3a2c.js:2\
(anonymous) @ main.becf3a2c.js:2\
k @ main.becf3a2c.js:2\
T @ main.becf3a2c.js:2\
postMessage\
S @ main.becf3a2c.js:2\
R @ main.becf3a2c.js:2\
t.unstable_scheduleCallback @ main.becf3a2c.js:2\
Cu @ main.becf3a2c.js:2\
nu @ main.becf3a2c.js:2\
tu @ main.becf3a2c.js:2\
Gi @ main.becf3a2c.js:2\
(anonymous) @ main.becf3a2c.js:2\
await in (anonymous)\
(anonymous) @ main.becf3a2c.js:2\
ns @ main.becf3a2c.js:2\
xu @ main.becf3a2c.js:2\
(anonymous) @ main.becf3a2c.js:2\
k @ main.becf3a2c.js:2\
T @ main.becf3a2c.js:2\
postMessage\
S @ main.becf3a2c.js:2\
R @ main.becf3a2c.js:2\
t.unstable_scheduleCallback @ main.becf3a2c.js:2\
Cu @ main.becf3a2c.js:2\
nu @ main.becf3a2c.js:2\
tu @ main.becf3a2c.js:2\
Gi @ main.becf3a2c.js:2\
(anonymous) @ main.becf3a2c.js:2\
await in (anonymous)\
(anonymous) @ main.becf3a2c.js:2\
ns @ main.becf3a2c.js:2\
xu @ main.becf3a2c.js:2\
(anonymous) @ main.becf3a2c.js:2\
k @ main.becf3a2c.js:2\
T @ main.becf3a2c.js:2\
postMessage\
S @ main.becf3a2c.js:2\
R @ main.becf3a2c.js:2\
t.unstable_scheduleCallback @ main.becf3a2c.js:2\
Cu @ main.becf3a2c.js:2\
nu @ main.becf3a2c.js:2\
tu @ main.becf3a2c.js:2\
Gi @ main.becf3a2c.js:2\
(anonymous) @ main.becf3a2c.js:2\
await in (anonymous)\
(anonymous) @ main.becf3a2c.js:2\
ns @ main.becf3a2c.js:2\
xu @ main.becf3a2c.js:2\
(anonymous) @ main.becf3a2c.js:2\
k @ main.becf3a2c.js:2\
T @ main.becf3a2c.js:2\
postMessage\
S @ main.becf3a2c.js:2\
R @ main.becf3a2c.js:2\
t.unstable_scheduleCallback @ main.becf3a2c.js:2\
Cu @ main.becf3a2c.js:2\
nu @ main.becf3a2c.js:2\
tu @ main.becf3a2c.js:2\
Gi @ main.becf3a2c.js:2\
(anonymous) @ main.becf3a2c.js:2\
main.becf3a2c.js:2 Error loading blocked slots: SyntaxError: Unexpected token '<', "<!doctype "... is not valid JSON\
(anonymous) @ main.becf3a2c.js:2\
main.becf3a2c.js:2 Error loading days off: SyntaxError: Unexpected token '<', "<!doctype "... is not valid JSON\
(anonymous) @ main.becf3a2c.js:2\
main.becf3a2c.js:2 Error loading booked appointments: SyntaxError: Unexpected token '<', "<!doctype "... is not valid JSON\
(anonymous) @ main.becf3a2c.js:2\
main.becf3a2c.js:2 Error loading days off: SyntaxError: Unexpected token '<', "<!doctype "... is not valid JSON\
(anonymous) @ main.becf3a2c.js:2\
main.becf3a2c.js:2 Error loading booked appointments: SyntaxError: Unexpected token '<', "<!doctype "... is not valid JSON\
(anonymous) @ main.becf3a2c.js:2\
main.becf3a2c.js:2 Error loading blocked slots: SyntaxError: Unexpected token '<', "<!doctype "... is not valid JSON\
(anonymous) @ main.becf3a2c.js:2\
main.becf3a2c.js:2 Error loading days off: SyntaxError: Unexpected token '<', "<!doctype "... is not valid JSON\
(anonymous) @ main.becf3a2c.js:2\
main.becf3a2c.js:2 Error loading booked appointments: SyntaxError: Unexpected token '<', "<!doctype "... is not valid JSON\
(anonymous) @ main.becf3a2c.js:2\
main.becf3a2c.js:2 Error loading slots: SyntaxError: Unexpected token '<', "<!doctype "... is not valid JSON\
(anonymous) @ main.becf3a2c.js:2\
await in (anonymous)\
(anonymous) @ main.becf3a2c.js:2\
ns @ main.becf3a2c.js:2\
xu @ main.becf3a2c.js:2\
(anonymous) @ main.becf3a2c.js:2\
k @ main.becf3a2c.js:2\
T @ main.becf3a2c.js:2\
postMessage\
S @ main.becf3a2c.js:2\
R @ main.becf3a2c.js:2\
t.unstable_scheduleCallback @ main.becf3a2c.js:2\
Cu @ main.becf3a2c.js:2\
nu @ main.becf3a2c.js:2\
tu @ main.becf3a2c.js:2\
Gi @ main.becf3a2c.js:2\
(anonymous) @ main.becf3a2c.js:2\
await in (anonymous)\
(anonymous) @ main.becf3a2c.js:2\
ns @ main.becf3a2c.js:2\
xu @ main.becf3a2c.js:2\
(anonymous) @ main.becf3a2c.js:2\
k @ main.becf3a2c.js:2\
T @ main.becf3a2c.js:2\
postMessage\
S @ main.becf3a2c.js:2\
R @ main.becf3a2c.js:2\
t.unstable_scheduleCallback @ main.becf3a2c.js:2\
Cu @ main.becf3a2c.js:2\
nu @ main.becf3a2c.js:2\
tu @ main.becf3a2c.js:2\
Gi @ main.becf3a2c.js:2\
(anonymous) @ main.becf3a2c.js:2\
await in (anonymous)\
(anonymous) @ main.becf3a2c.js:2\
ns @ main.becf3a2c.js:2\
xu @ main.becf3a2c.js:2\
(anonymous) @ main.becf3a2c.js:2\
k @ main.becf3a2c.js:2\
T @ main.becf3a2c.js:2\
postMessage\
S @ main.becf3a2c.js:2\
R @ main.becf3a2c.js:2\
t.unstable_scheduleCallback @ main.becf3a2c.js:2\
Cu @ main.becf3a2c.js:2\
nu @ main.becf3a2c.js:2\
tu @ main.becf3a2c.js:2\
Gi @ main.becf3a2c.js:2\
(anonymous) @ main.becf3a2c.js:2\
await in (anonymous)\
(anonymous) @ main.becf3a2c.js:2\
ns @ main.becf3a2c.js:2\
xu @ main.becf3a2c.js:2\
(anonymous) @ main.becf3a2c.js:2\
k @ main.becf3a2c.js:2\
T @ main.becf3a2c.js:2\
postMessage\
S @ main.becf3a2c.js:2\
R @ main.becf3a2c.js:2\
t.unstable_scheduleCallback @ main.becf3a2c.js:2\
Cu @ main.becf3a2c.js:2\
nu @ main.becf3a2c.js:2\
tu @ main.becf3a2c.js:2\
Gi @ main.becf3a2c.js:2\
(anonymous) @ main.becf3a2c.js:2\
await in (anonymous)\
(anonymous) @ main.becf3a2c.js:2\
ns @ main.becf3a2c.js:2\
xu @ main.becf3a2c.js:2\
(anonymous) @ main.becf3a2c.js:2\
k @ main.becf3a2c.js:2\
T @ main.becf3a2c.js:2\
postMessage\
S @ main.becf3a2c.js:2\
R @ main.becf3a2c.js:2\
t.unstable_scheduleCallback @ main.becf3a2c.js:2\
Cu @ main.becf3a2c.js:2\
nu @ main.becf3a2c.js:2\
tu @ main.becf3a2c.js:2\
Gi @ main.becf3a2c.js:2\
(anonymous) @ main.becf3a2c.js:2\
await in (anonymous)\
(anonymous) @ main.becf3a2c.js:2\
ns @ main.becf3a2c.js:2\
xu @ main.becf3a2c.js:2\
(anonymous) @ main.becf3a2c.js:2\
k @ main.becf3a2c.js:2\
T @ main.becf3a2c.js:2\
postMessage\
S @ main.becf3a2c.js:2\
R @ main.becf3a2c.js:2\
t.unstable_scheduleCallback @ main.becf3a2c.js:2\
Cu @ main.becf3a2c.js:2\
nu @ main.becf3a2c.js:2\
tu @ main.becf3a2c.js:2\
Gi @ main.becf3a2c.js:2\
(anonymous) @ main.becf3a2c.js:2\
main.becf3a2c.js:2 Error loading blocked slots: SyntaxError: Unexpected token '<', "<!doctype "... is not valid JSON\
(anonymous) @ main.becf3a2c.js:2\
main.becf3a2c.js:2 Error loading blocked slots: SyntaxError: Unexpected token '<', "<!doctype "... is not valid JSON\
(anonymous) @ main.becf3a2c.js:2\
main.becf3a2c.js:2 Error loading booked appointments: SyntaxError: Unexpected token '<', "<!doctype "... is not valid JSON\
(anonymous) @ main.becf3a2c.js:2\
main.becf3a2c.js:2 Error loading days off: SyntaxError: Unexpected token '<', "<!doctype "... is not valid JSON\
(anonymous) @ main.becf3a2c.js:2\
main.becf3a2c.js:2 Error loading slots: SyntaxError: Unexpected token '<', "<!doctype "... is not valid JSON\
(anonymous) @ main.becf3a2c.js:2\
await in (anonymous)\
(anonymous) @ main.becf3a2c.js:2\
ns @ main.becf3a2c.js:2\
xu @ main.becf3a2c.js:2\
(anonymous) @ main.becf3a2c.js:2\
k @ main.becf3a2c.js:2\
T @ main.becf3a2c.js:2\
postMessage\
S @ main.becf3a2c.js:2\
R @ main.becf3a2c.js:2\
t.unstable_scheduleCallback @ main.becf3a2c.js:2\
Cu @ main.becf3a2c.js:2\
nu @ main.becf3a2c.js:2\
tu @ main.becf3a2c.js:2\
Gi @ main.becf3a2c.js:2\
(anonymous) @ main.becf3a2c.js:2\
await in (anonymous)\
(anonymous) @ main.becf3a2c.js:2\
ns @ main.becf3a2c.js:2\
xu @ main.becf3a2c.js:2\
(anonymous) @ main.becf3a2c.js:2\
k @ main.becf3a2c.js:2\
T @ main.becf3a2c.js:2\
postMessage\
S @ main.becf3a2c.js:2\
R @ main.becf3a2c.js:2\
t.unstable_scheduleCallback @ main.becf3a2c.js:2\
Cu @ main.becf3a2c.js:2\
nu @ main.becf3a2c.js:2\
tu @ main.becf3a2c.js:2\
Gi @ main.becf3a2c.js:2\
(anonymous) @ main.becf3a2c.js:2\
await in (anonymous)\
(anonymous) @ main.becf3a2c.js:2\
ns @ main.becf3a2c.js:2\
xu @ main.becf3a2c.js:2\
(anonymous) @ main.becf3a2c.js:2\
k @ main.becf3a2c.js:2\
T @ main.becf3a2c.js:2\
postMessage\
S @ main.becf3a2c.js:2\
R @ main.becf3a2c.js:2\
t.unstable_scheduleCallback @ main.becf3a2c.js:2\
Cu @ main.becf3a2c.js:2\
nu @ main.becf3a2c.js:2\
tu @ main.becf3a2c.js:2\
Gi @ main.becf3a2c.js:2\
(anonymous) @ main.becf3a2c.js:2\
await in (anonymous)\
(anonymous) @ main.becf3a2c.js:2\
ns @ main.becf3a2c.js:2\
xu @ main.becf3a2c.js:2\
(anonymous) @ main.becf3a2c.js:2\
k @ main.becf3a2c.js:2\
T @ main.becf3a2c.js:2\
postMessage\
S @ main.becf3a2c.js:2\
R @ main.becf3a2c.js:2\
t.unstable_scheduleCallback @ main.becf3a2c.js:2\
Cu @ main.becf3a2c.js:2\
nu @ main.becf3a2c.js:2\
tu @ main.becf3a2c.js:2\
Gi @ main.becf3a2c.js:2\
(anonymous) @ main.becf3a2c.js:2\
await in (anonymous)\
(anonymous) @ main.becf3a2c.js:2\
ns @ main.becf3a2c.js:2\
xu @ main.becf3a2c.js:2\
(anonymous) @ main.becf3a2c.js:2\
k @ main.becf3a2c.js:2\
T @ main.becf3a2c.js:2\
postMessage\
S @ main.becf3a2c.js:2\
R @ main.becf3a2c.js:2\
t.unstable_scheduleCallback @ main.becf3a2c.js:2\
Cu @ main.becf3a2c.js:2\
nu @ main.becf3a2c.js:2\
tu @ main.becf3a2c.js:2\
Gi @ main.becf3a2c.js:2\
(anonymous) @ main.becf3a2c.js:2\
await in (anonymous)\
(anonymous) @ main.becf3a2c.js:2\
ns @ main.becf3a2c.js:2\
xu @ main.becf3a2c.js:2\
(anonymous) @ main.becf3a2c.js:2\
k @ main.becf3a2c.js:2\
T @ main.becf3a2c.js:2\
postMessage\
S @ main.becf3a2c.js:2\
R @ main.becf3a2c.js:2\
t.unstable_scheduleCallback @ main.becf3a2c.js:2\
Cu @ main.becf3a2c.js:2\
nu @ main.becf3a2c.js:2\
tu @ main.becf3a2c.js:2\
Gi @ main.becf3a2c.js:2\
(anonymous) @ main.becf3a2c.js:2\
await in (anonymous)\
(anonymous) @ main.becf3a2c.js:2\
ns @ main.becf3a2c.js:2\
xu @ main.becf3a2c.js:2\
(anonymous) @ main.becf3a2c.js:2\
k @ main.becf3a2c.js:2\
T @ main.becf3a2c.js:2\
postMessage\
S @ main.becf3a2c.js:2\
R @ main.becf3a2c.js:2\
t.unstable_scheduleCallback @ main.becf3a2c.js:2\
Cu @ main.becf3a2c.js:2\
nu @ main.becf3a2c.js:2\
tu @ main.becf3a2c.js:2\
Gi @ main.becf3a2c.js:2\
(anonymous) @ main.becf3a2c.js:2\
main.becf3a2c.js:2 Error loading days off: SyntaxError: Unexpected token '<', "<!doctype "... is not valid JSON\
(anonymous) @ main.becf3a2c.js:2\
main.becf3a2c.js:2 Error loading booked appointments: SyntaxError: Unexpected token '<', "<!doctype "... is not valid JSON\
(anonymous) @ main.becf3a2c.js:2\
main.becf3a2c.js:2 Error loading blocked slots: SyntaxError: Unexpected token '<', "<!doctype "... is not valid JSON\
(anonymous) @ main.becf3a2c.js:2\
main.becf3a2c.js:2 Error loading days off: SyntaxError: Unexpected token '<', "<!doctype "... is not valid JSON\
(anonymous) @ main.becf3a2c.js:2\
main.becf3a2c.js:2 Error loading blocked slots: SyntaxError: Unexpected token '<', "<!doctype "... is not valid JSON\
(anonymous) @ main.becf3a2c.js:2\
main.becf3a2c.js:2 Error loading booked appointments: SyntaxError: Unexpected token '<', "<!doctype "... is not valid JSON\
(anonymous) @ main.becf3a2c.js:2\
main.becf3a2c.js:2 Error loading blocked slots: SyntaxError: Unexpected token '<', "<!doctype "... is not valid JSON\
(anonymous) @ main.becf3a2c.js:2\
main.becf3a2c.js:2 Error loading booked appointments: SyntaxError: Unexpected token '<', "<!doctype "... is not valid JSON\
(anonymous) @ main.becf3a2c.js:2\
main.becf3a2c.js:2 Error loading blocked slots: SyntaxError: Unexpected token '<', "<!doctype "... is not valid JSON\
(anonymous) @ main.becf3a2c.js:2\
main.becf3a2c.js:2 Error loading booked appointments: SyntaxError: Unexpected token '<', "<!doctype "... is not valid JSON\
(anonymous) @ main.becf3a2c.js:2\
main.becf3a2c.js:2 Error loading slots: SyntaxError: Unexpected token '<', "<!doctype "... is not valid JSON\
(anonymous) @ main.becf3a2c.js:2\
await in (anonymous)\
(anonymous) @ main.becf3a2c.js:2\
ns @ main.becf3a2c.js:2\
xu @ main.becf3a2c.js:2\
(anonymous) @ main.becf3a2c.js:2\
k @ main.becf3a2c.js:2\
T @ main.becf3a2c.js:2\
postMessage\
S @ main.becf3a2c.js:2\
R @ main.becf3a2c.js:2\
t.unstable_scheduleCallback @ main.becf3a2c.js:2\
Cu @ main.becf3a2c.js:2\
nu @ main.becf3a2c.js:2\
tu @ main.becf3a2c.js:2\
Gi @ main.becf3a2c.js:2\
(anonymous) @ main.becf3a2c.js:2\
await in (anonymous)\
(anonymous) @ main.becf3a2c.js:2\
ns @ main.becf3a2c.js:2\
xu @ main.becf3a2c.js:2\
(anonymous) @ main.becf3a2c.js:2\
k @ main.becf3a2c.js:2\
T @ main.becf3a2c.js:2\
postMessage\
S @ main.becf3a2c.js:2\
R @ main.becf3a2c.js:2\
t.unstable_scheduleCallback @ main.becf3a2c.js:2\
Cu @ main.becf3a2c.js:2\
nu @ main.becf3a2c.js:2\
tu @ main.becf3a2c.js:2\
Gi @ main.becf3a2c.js:2\
(anonymous) @ main.becf3a2c.js:2\
await in (anonymous)\
(anonymous) @ main.becf3a2c.js:2\
ns @ main.becf3a2c.js:2\
xu @ main.becf3a2c.js:2\
(anonymous) @ main.becf3a2c.js:2\
k @ main.becf3a2c.js:2\
T @ main.becf3a2c.js:2\
postMessage\
S @ main.becf3a2c.js:2\
R @ main.becf3a2c.js:2\
t.unstable_scheduleCallback @ main.becf3a2c.js:2\
Cu @ main.becf3a2c.js:2\
nu @ main.becf3a2c.js:2\
tu @ main.becf3a2c.js:2\
Gi @ main.becf3a2c.js:2\
(anonymous) @ main.becf3a2c.js:2\
await in (anonymous)\
(anonymous) @ main.becf3a2c.js:2\
ns @ main.becf3a2c.js:2\
xu @ main.becf3a2c.js:2\
(anonymous) @ main.becf3a2c.js:2\
k @ main.becf3a2c.js:2\
T @ main.becf3a2c.js:2\
postMessage\
S @ main.becf3a2c.js:2\
R @ main.becf3a2c.js:2\
t.unstable_scheduleCallback @ main.becf3a2c.js:2\
Cu @ main.becf3a2c.js:2\
nu @ main.becf3a2c.js:2\
tu @ main.becf3a2c.js:2\
Gi @ main.becf3a2c.js:2\
(anonymous) @ main.becf3a2c.js:2\
await in (anonymous)\
(anonymous) @ main.becf3a2c.js:2\
ns @ main.becf3a2c.js:2\
xu @ main.becf3a2c.js:2\
(anonymous) @ main.becf3a2c.js:2\
k @ main.becf3a2c.js:2\
T @ main.becf3a2c.js:2\
postMessage\
S @ main.becf3a2c.js:2\
R @ main.becf3a2c.js:2\
t.unstable_scheduleCallback @ main.becf3a2c.js:2\
Cu @ main.becf3a2c.js:2\
nu @ main.becf3a2c.js:2\
tu @ main.becf3a2c.js:2\
Gi @ main.becf3a2c.js:2\
(anonymous) @ main.becf3a2c.js:2\
await in (anonymous)\
(anonymous) @ main.becf3a2c.js:2\
ns @ main.becf3a2c.js:2\
xu @ main.becf3a2c.js:2\
(anonymous) @ main.becf3a2c.js:2\
k @ main.becf3a2c.js:2\
T @ main.becf3a2c.js:2\
postMessage\
S @ main.becf3a2c.js:2\
R @ main.becf3a2c.js:2\
t.unstable_scheduleCallback @ main.becf3a2c.js:2\
Cu @ main.becf3a2c.js:2\
nu @ main.becf3a2c.js:2\
tu @ main.becf3a2c.js:2\
Gi @ main.becf3a2c.js:2\
(anonymous) @ main.becf3a2c.js:2\
await in (anonymous)\
(anonymous) @ main.becf3a2c.js:2\
ns @ main.becf3a2c.js:2\
xu @ main.becf3a2c.js:2\
(anonymous) @ main.becf3a2c.js:2\
k @ main.becf3a2c.js:2\
T @ main.becf3a2c.js:2\
postMessage\
S @ main.becf3a2c.js:2\
R @ main.becf3a2c.js:2\
t.unstable_scheduleCallback @ main.becf3a2c.js:2\
Cu @ main.becf3a2c.js:2\
nu @ main.becf3a2c.js:2\
tu @ main.becf3a2c.js:2\
Gi @ main.becf3a2c.js:2\
(anonymous) @ main.becf3a2c.js:2\
await in (anonymous)\
(anonymous) @ main.becf3a2c.js:2\
ns @ main.becf3a2c.js:2\
xu @ main.becf3a2c.js:2\
(anonymous) @ main.becf3a2c.js:2\
k @ main.becf3a2c.js:2\
T @ main.becf3a2c.js:2\
postMessage\
S @ main.becf3a2c.js:2\
R @ main.becf3a2c.js:2\
t.unstable_scheduleCallback @ main.becf3a2c.js:2\
Cu @ main.becf3a2c.js:2\
nu @ main.becf3a2c.js:2\
tu @ main.becf3a2c.js:2\
Gi @ main.becf3a2c.js:2\
(anonymous) @ main.becf3a2c.js:2\
main.becf3a2c.js:2 Error loading days off: SyntaxError: Unexpected token '<', "<!doctype "... is not valid JSON\
(anonymous) @ main.becf3a2c.js:2\
main.becf3a2c.js:2 Error loading days off: SyntaxError: Unexpected token '<', "<!doctype "... is not valid JSON\
(anonymous) @ main.becf3a2c.js:2\
main.becf3a2c.js:2 Error loading blocked slots: SyntaxError: Unexpected token '<', "<!doctype "... is not valid JSON\
(anonymous) @ main.becf3a2c.js:2\
main.becf3a2c.js:2 Error loading blocked slots: SyntaxError: Unexpected token '<', "<!doctype "... is not valid JSON\
(anonymous) @ main.becf3a2c.js:2\
main.becf3a2c.js:2 Error loading booked appointments: SyntaxError: Unexpected token '<', "<!doctype "... is not valid JSON\
(anonymous) @ main.becf3a2c.js:2\
main.becf3a2c.js:2 Error loading days off: SyntaxError: Unexpected token '<', "<!doctype "... is not valid JSON\
(anonymous) @ main.becf3a2c.js:2\
main.becf3a2c.js:2 Error loading slots: SyntaxError: Unexpected token '<', "<!doctype "... is not valid JSON\
(anonymous) @ main.becf3a2c.js:2\
await in (anonymous)\
(anonymous) @ main.becf3a2c.js:2\
ns @ main.becf3a2c.js:2\
xu @ main.becf3a2c.js:2\
(anonymous) @ main.becf3a2c.js:2\
k @ main.becf3a2c.js:2\
T @ main.becf3a2c.js:2\
postMessage\
S @ main.becf3a2c.js:2\
R @ main.becf3a2c.js:2\
t.unstable_scheduleCallback @ main.becf3a2c.js:2\
Cu @ main.becf3a2c.js:2\
nu @ main.becf3a2c.js:2\
tu @ main.becf3a2c.js:2\
Gi @ main.becf3a2c.js:2\
(anonymous) @ main.becf3a2c.js:2\
main.becf3a2c.js:2 Error loading booked appointments: SyntaxError: Unexpected token '<', "<!doctype "... is not valid JSON\
(anonymous) @ main.becf3a2c.js:2\
main.becf3a2c.js:2 Error loading days off: SyntaxError: Unexpected token '<', "<!doctype "... is not valid JSON\
(anonymous) @ main.becf3a2c.js:2\
main.becf3a2c.js:2 Error loading blocked slots: SyntaxError: Unexpected token '<', "<!doctype "... is not valid JSON\
(anonymous) @ main.becf3a2c.js:2\
main.becf3a2c.js:2 Error loading days off: SyntaxError: Unexpected token '<', "<!doctype "... is not valid JSON\
(anonymous) @ main.becf3a2c.js:2\
main.becf3a2c.js:2 Error loading days off: SyntaxError: Unexpected token '<', "<!doctype "... is not valid JSON\
(anonymous) @ main.becf3a2c.js:2\
main.becf3a2c.js:2 Error loading booked appointments: SyntaxError: Unexpected token '<', "<!doctype "... is not valid JSON\
(anonymous) @ main.becf3a2c.js:2\
main.becf3a2c.js:2 Error loading days off: SyntaxError: Unexpected token '<', "<!doctype "... is not valid JSON\
(anonymous) @ main.becf3a2c.js:2\
main.becf3a2c.js:2 Error loading booked appointments: SyntaxError: Unexpected token '<', "<!doctype "... is not valid JSON\
(anonymous) @ main.becf3a2c.js:2\
main.becf3a2c.js:2 Error loading blocked slots: SyntaxError: Unexpected token '<', "<!doctype "... is not valid JSON\
(anonymous) @ main.becf3a2c.js:2\
main.becf3a2c.js:2 Error loading booked appointments: SyntaxError: Unexpected token '<', "<!doctype "... is not valid JSON\
(anonymous) @ main.becf3a2c.js:2\
main.becf3a2c.js:2 Error loading blocked slots: SyntaxError: Unexpected token '<', "<!doctype "... is not valid JSON\
(anonymous) @ main.becf3a2c.js:2\
main.becf3a2c.js:2 Error loading blocked slots: SyntaxError: Unexpected token '<', "<!doctype "... is not valid JSON\
(anonymous) @ main.becf3a2c.js:2\
main.becf3a2c.js:2 Error loading blocked slots: SyntaxError: Unexpected token '<', "<!doctype "... is not valid JSON\
(anonymous) @ main.becf3a2c.js:2\
main.becf3a2c.js:2 Error loading days off: SyntaxError: Unexpected token '<', "<!doctype "... is not valid JSON\
(anonymous) @ main.becf3a2c.js:2\
main.becf3a2c.js:2 Error loading booked appointments: SyntaxError: Unexpected token '<', "<!doctype "... is not valid JSON\
(anonymous) @ main.becf3a2c.js:2\
main.becf3a2c.js:2 Error loading blocked slots: SyntaxError: Unexpected token '<', "<!doctype "... is not valid JSON\
(anonymous) @ main.becf3a2c.js:2\
main.becf3a2c.js:2 Error loading booked appointments: SyntaxError: Unexpected token '<', "<!doctype "... is not valid JSON\
(anonymous) @ main.becf3a2c.js:2\
main.becf3a2c.js:2 Error loading slots: SyntaxError: Unexpected token '<', "<!doctype "... is not valid JSON\
(anonymous) @ main.becf3a2c.js:2\
await in (anonymous)\
(anonymous) @ main.becf3a2c.js:2\
ns @ main.becf3a2c.js:2\
xu @ main.becf3a2c.js:2\
(anonymous) @ main.becf3a2c.js:2\
k @ main.becf3a2c.js:2\
T @ main.becf3a2c.js:2\
postMessage\
S @ main.becf3a2c.js:2\
R @ main.becf3a2c.js:2\
t.unstable_scheduleCallback @ main.becf3a2c.js:2\
Cu @ main.becf3a2c.js:2\
nu @ main.becf3a2c.js:2\
tu @ main.becf3a2c.js:2\
Gi @ main.becf3a2c.js:2\
(anonymous) @ main.becf3a2c.js:2\
await in (anonymous)\
(anonymous) @ main.becf3a2c.js:2\
ns @ main.becf3a2c.js:2\
xu @ main.becf3a2c.js:2\
(anonymous) @ main.becf3a2c.js:2\
k @ main.becf3a2c.js:2\
T @ main.becf3a2c.js:2\
postMessage\
S @ main.becf3a2c.js:2\
R @ main.becf3a2c.js:2\
t.unstable_scheduleCallback @ main.becf3a2c.js:2\
Cu @ main.becf3a2c.js:2\
nu @ main.becf3a2c.js:2\
tu @ main.becf3a2c.js:2\
Gi @ main.becf3a2c.js:2\
(anonymous) @ main.becf3a2c.js:2\
main.becf3a2c.js:2 Error loading booked appointments: SyntaxError: Unexpected token '<', "<!doctype "... is not valid JSON\
(anonymous) @ main.becf3a2c.js:2\
main.becf3a2c.js:2 Error loading days off: SyntaxError: Unexpected token '<', "<!doctype "... is not valid JSON\
(anonymous) @ main.becf3a2c.js:2\
main.becf3a2c.js:2 Error loading days off: SyntaxError: Unexpected token '<', "<!doctype "... is not valid JSON\
(anonymous) @ main.becf3a2c.js:2\
main.becf3a2c.js:2 Error loading booked appointments: SyntaxError: Unexpected token '<', "<!doctype "... is not valid JSON\
(anonymous) @ main.becf3a2c.js:2\
main.becf3a2c.js:2 Error loading days off: SyntaxError: Unexpected token '<', "<!doctype "... is not valid JSON\
(anonymous) @ main.becf3a2c.js:2\
main.becf3a2c.js:2 Error loading blocked slots: SyntaxError: Unexpected token '<', "<!doctype "... is not valid JSON\
(anonymous) @ main.becf3a2c.js:2\
main.becf3a2c.js:2 Error loading blocked slots: SyntaxError: Unexpected token '<', "<!doctype "... is not valid JSON\
(anonymous) @ main.becf3a2c.js:2\
main.becf3a2c.js:2 Error loading days off: SyntaxError: Unexpected token '<', "<!doctype "... is not valid JSON\
(anonymous) @ main.becf3a2c.js:2\
main.becf3a2c.js:2 Error loading booked appointments: SyntaxError: Unexpected token '<', "<!doctype "... is not valid JSON\
(anonymous) @ main.becf3a2c.js:2\
main.becf3a2c.js:2 Error loading slots: SyntaxError: Unexpected token '<', "<!doctype "... is not valid JSON\
(anonymous) @ main.becf3a2c.js:2\
await in (anonymous)\
(anonymous) @ main.becf3a2c.js:2\
ns @ main.becf3a2c.js:2\
xu @ main.becf3a2c.js:2\
(anonymous) @ main.becf3a2c.js:2\
k @ main.becf3a2c.js:2\
T @ main.becf3a2c.js:2\
postMessage\
S @ main.becf3a2c.js:2\
R @ main.becf3a2c.js:2\
t.unstable_scheduleCallback @ main.becf3a2c.js:2\
Cu @ main.becf3a2c.js:2\
nu @ main.becf3a2c.js:2\
tu @ main.becf3a2c.js:2\
Gi @ main.becf3a2c.js:2\
(anonymous) @ main.becf3a2c.js:2\
await in (anonymous)\
(anonymous) @ main.becf3a2c.js:2\
ns @ main.becf3a2c.js:2\
xu @ main.becf3a2c.js:2\
(anonymous) @ main.becf3a2c.js:2\
k @ main.becf3a2c.js:2\
T @ main.becf3a2c.js:2\
postMessage\
S @ main.becf3a2c.js:2\
R @ main.becf3a2c.js:2\
t.unstable_scheduleCallback @ main.becf3a2c.js:2\
Cu @ main.becf3a2c.js:2\
nu @ main.becf3a2c.js:2\
tu @ main.becf3a2c.js:2\
Gi @ main.becf3a2c.js:2\
(anonymous) @ main.becf3a2c.js:2\
await in (anonymous)\
(anonymous) @ main.becf3a2c.js:2\
ns @ main.becf3a2c.js:2\
xu @ main.becf3a2c.js:2\
(anonymous) @ main.becf3a2c.js:2\
k @ main.becf3a2c.js:2\
T @ main.becf3a2c.js:2\
postMessage\
S @ main.becf3a2c.js:2\
R @ main.becf3a2c.js:2\
t.unstable_scheduleCallback @ main.becf3a2c.js:2\
Cu @ main.becf3a2c.js:2\
nu @ main.becf3a2c.js:2\
tu @ main.becf3a2c.js:2\
Gi @ main.becf3a2c.js:2\
(anonymous) @ main.becf3a2c.js:2\
main.becf3a2c.js:2 Error loading booked appointments: SyntaxError: Unexpected token '<', "<!doctype "... is not valid JSON\
(anonymous) @ main.becf3a2c.js:2\
main.becf3a2c.js:2 Error loading days off: SyntaxError: Unexpected token '<', "<!doctype "... is not valid JSON\
(anonymous) @ main.becf3a2c.js:2\
main.becf3a2c.js:2 Error loading booked appointments: SyntaxError: Unexpected token '<', "<!doctype "... is not valid JSON\
(anonymous) @ main.becf3a2c.js:2\
main.becf3a2c.js:2 Error loading blocked slots: SyntaxError: Unexpected token '<', "<!doctype "... is not valid JSON\
(anonymous) @ main.becf3a2c.js:2\
main.becf3a2c.js:2 Error loading days off: SyntaxError: Unexpected token '<', "<!doctype "... is not valid JSON\
(anonymous) @ main.becf3a2c.js:2\
main.becf3a2c.js:2 Error loading blocked slots: SyntaxError: Unexpected token '<', "<!doctype "... is not valid JSON\
(anonymous) @ main.becf3a2c.js:2\
main.becf3a2c.js:2 Error loading booked appointments: SyntaxError: Unexpected token '<', "<!doctype "... is not valid JSON\
(anonymous) @ main.becf3a2c.js:2\
main.becf3a2c.js:2 Error loading blocked slots: SyntaxError: Unexpected token '<', "<!doctype "... is not valid JSON\
(anonymous) @ main.becf3a2c.js:2\
main.becf3a2c.js:2 Error loading blocked slots: SyntaxError: Unexpected token '<', "<!doctype "... is not valid JSON\
(anonymous) @ main.becf3a2c.js:2\
main.becf3a2c.js:2 Error loading days off: SyntaxError: Unexpected token '<', "<!doctype "... is not valid JSON\
(anonymous) @ main.becf3a2c.js:2\
main.becf3a2c.js:2 Error loading booked appointments: SyntaxError: Unexpected token '<', "<!doctype "... is not valid JSON\
(anonymous) @ main.becf3a2c.js:2\
main.becf3a2c.js:2 Error loading slots: SyntaxError: Unexpected token '<', "<!doctype "... is not valid JSON\
(anonymous) @ main.becf3a2c.js:2\
await in (anonymous)\
(anonymous) @ main.becf3a2c.js:2\
ns @ main.becf3a2c.js:2\
xu @ main.becf3a2c.js:2\
(anonymous) @ main.becf3a2c.js:2\
k @ main.becf3a2c.js:2\
T @ main.becf3a2c.js:2\
postMessage\
S @ main.becf3a2c.js:2\
R @ main.becf3a2c.js:2\
t.unstable_scheduleCallback @ main.becf3a2c.js:2\
Cu @ main.becf3a2c.js:2\
nu @ main.becf3a2c.js:2\
tu @ main.becf3a2c.js:2\
Gi @ main.becf3a2c.js:2\
(anonymous) @ main.becf3a2c.js:2\
await in (anonymous)\
(anonymous) @ main.becf3a2c.js:2\
ns @ main.becf3a2c.js:2\
xu @ main.becf3a2c.js:2\
(anonymous) @ main.becf3a2c.js:2\
k @ main.becf3a2c.js:2\
T @ main.becf3a2c.js:2\
postMessage\
S @ main.becf3a2c.js:2\
R @ main.becf3a2c.js:2\
t.unstable_scheduleCallback @ main.becf3a2c.js:2\
Cu @ main.becf3a2c.js:2\
nu @ main.becf3a2c.js:2\
tu @ main.becf3a2c.js:2\
Gi @ main.becf3a2c.js:2\
(anonymous) @ main.becf3a2c.js:2\
await in (anonymous)\
(anonymous) @ main.becf3a2c.js:2\
ns @ main.becf3a2c.js:2\
xu @ main.becf3a2c.js:2\
(anonymous) @ main.becf3a2c.js:2\
k @ main.becf3a2c.js:2\
T @ main.becf3a2c.js:2\
postMessage\
S @ main.becf3a2c.js:2\
R @ main.becf3a2c.js:2\
t.unstable_scheduleCallback @ main.becf3a2c.js:2\
Cu @ main.becf3a2c.js:2\
nu @ main.becf3a2c.js:2\
tu @ main.becf3a2c.js:2\
Gi @ main.becf3a2c.js:2\
(anonymous) @ main.becf3a2c.js:2\
await in (anonymous)\
(anonymous) @ main.becf3a2c.js:2\
ns @ main.becf3a2c.js:2\
xu @ main.becf3a2c.js:2\
(anonymous) @ main.becf3a2c.js:2\
k @ main.becf3a2c.js:2\
T @ main.becf3a2c.js:2\
postMessage\
S @ main.becf3a2c.js:2\
R @ main.becf3a2c.js:2\
t.unstable_scheduleCallback @ main.becf3a2c.js:2\
Cu @ main.becf3a2c.js:2\
nu @ main.becf3a2c.js:2\
tu @ main.becf3a2c.js:2\
Gi @ main.becf3a2c.js:2\
(anonymous) @ main.becf3a2c.js:2\
main.becf3a2c.js:2 Error loading days off: SyntaxError: Unexpected token '<', "<!doctype "... is not valid JSON\
(anonymous) @ main.becf3a2c.js:2\
main.becf3a2c.js:2 Error loading days off: SyntaxError: Unexpected token '<', "<!doctype "... is not valid JSON\
(anonymous) @ main.becf3a2c.js:2\
main.becf3a2c.js:2 Error loading blocked slots: SyntaxError: Unexpected token '<', "<!doctype "... is not valid JSON\
(anonymous) @ main.becf3a2c.js:2\
main.becf3a2c.js:2 Error loading blocked slots: SyntaxError: Unexpected token '<', "<!doctype "... is not valid JSON\
(anonymous) @ main.becf3a2c.js:2\
main.becf3a2c.js:2 Error loading days off: SyntaxError: Unexpected token '<', "<!doctype "... is not valid JSON\
(anonymous) @ main.becf3a2c.js:2\
main.becf3a2c.js:2 Error loading booked appointments: SyntaxError: Unexpected token '<', "<!doctype "... is not valid JSON\
(anonymous) @ main.becf3a2c.js:2\
main.becf3a2c.js:2 Error loading booked appointments: SyntaxError: Unexpected token '<', "<!doctype "... is not valid JSON\
(anonymous) @ main.becf3a2c.js:2\
main.becf3a2c.js:2 Error loading days off: SyntaxError: Unexpected token '<', "<!doctype "... is not valid JSON\
(anonymous) @ main.becf3a2c.js:2\
main.becf3a2c.js:2 Error loading slots: SyntaxError: Unexpected token '<', "<!doctype "... is not valid JSON\
(anonymous) @ main.becf3a2c.js:2\
await in (anonymous)\
(anonymous) @ main.becf3a2c.js:2\
ns @ main.becf3a2c.js:2\
xu @ main.becf3a2c.js:2\
(anonymous) @ main.becf3a2c.js:2\
k @ main.becf3a2c.js:2\
T @ main.becf3a2c.js:2\
postMessage\
S @ main.becf3a2c.js:2\
R @ main.becf3a2c.js:2\
t.unstable_scheduleCallback @ main.becf3a2c.js:2\
Cu @ main.becf3a2c.js:2\
nu @ main.becf3a2c.js:2\
tu @ main.becf3a2c.js:2\
Gi @ main.becf3a2c.js:2\
(anonymous) @ main.becf3a2c.js:2\
main.becf3a2c.js:2 Error loading booked appointments: SyntaxError: Unexpected token '<', "<!doctype "... is not valid JSON\
(anonymous) @ main.becf3a2c.js:2\
main.becf3a2c.js:2 Error loading blocked slots: SyntaxError: Unexpected token '<', "<!doctype "... is not valid JSON\
(anonymous) @ main.becf3a2c.js:2\
main.becf3a2c.js:2 Error loading blocked slots: SyntaxError: Unexpected token '<', "<!doctype "... is not valid JSON\
(anonymous) @ main.becf3a2c.js:2\
main.becf3a2c.js:2 Error loading blocked slots: SyntaxError: Unexpected token '<', "<!doctype "... is not valid JSON\
(anonymous) @ main.becf3a2c.js:2\
main.becf3a2c.js:2 Error loading booked appointments: SyntaxError: Unexpected token '<', "<!doctype "... is not valid JSON\
(anonymous) @ main.becf3a2c.js:2\
main.becf3a2c.js:2 Error loading booked appointments: SyntaxError: Unexpected token '<', "<!doctype "... is not valid JSON\
(anonymous) @ main.becf3a2c.js:2\
main.becf3a2c.js:2 Error loading booked appointments: SyntaxError: Unexpected token '<', "<!doctype "... is not valid JSON\
(anonymous) @ main.becf3a2c.js:2\
main.becf3a2c.js:2 Error loading blocked slots: SyntaxError: Unexpected token '<', "<!doctype "... is not valid JSON\
(anonymous) @ main.becf3a2c.js:2\
main.becf3a2c.js:2 Error loading days off: SyntaxError: Unexpected token '<', "<!doctype "... is not valid JSON\
(anonymous) @ main.becf3a2c.js:2\
main.becf3a2c.js:2 Error loading days off: SyntaxError: Unexpected token '<', "<!doctype "... is not valid JSON\
(anonymous) @ main.becf3a2c.js:2\
main.becf3a2c.js:2 Error loading days off: SyntaxError: Unexpected token '<', "<!doctype "... is not valid JSON\
(anonymous) @ main.becf3a2c.js:2\
main.becf3a2c.js:2 Error loading blocked slots: SyntaxError: Unexpected token '<', "<!doctype "... is not valid JSON\
(anonymous) @ main.becf3a2c.js:2\
main.becf3a2c.js:2 Error loading blocked slots: SyntaxError: Unexpected token '<', "<!doctype "... is not valid JSON\
(anonymous) @ main.becf3a2c.js:2\
main.becf3a2c.js:2 Error loading booked appointments: SyntaxError: Unexpected token '<', "<!doctype "... is not valid JSON\
(anonymous) @ main.becf3a2c.js:2\
main.becf3a2c.js:2 Error loading booked appointments: SyntaxError: Unexpected token '<', "<!doctype "... is not valid JSON\
(anonymous) @ main.becf3a2c.js:2\
main.becf3a2c.js:2 Error loading days off: SyntaxError: Unexpected token '<', "<!doctype "... is not valid JSON\
(anonymous) @ main.becf3a2c.js:2\
main.becf3a2c.js:2 Error loading days off: SyntaxError: Unexpected token '<', "<!doctype "... is not valid JSON\
(anonymous) @ main.becf3a2c.js:2\
main.becf3a2c.js:2 Error loading slots: SyntaxError: Unexpected token '<', "<!doctype "... is not valid JSON\
(anonymous) @ main.becf3a2c.js:2\
await in (anonymous)\
(anonymous) @ main.becf3a2c.js:2\
ns @ main.becf3a2c.js:2\
xu @ main.becf3a2c.js:2\
(anonymous) @ main.becf3a2c.js:2\
k @ main.becf3a2c.js:2\
T @ main.becf3a2c.js:2\
postMessage\
S @ main.becf3a2c.js:2\
R @ main.becf3a2c.js:2\
t.unstable_scheduleCallback @ main.becf3a2c.js:2\
Cu @ main.becf3a2c.js:2\
nu @ main.becf3a2c.js:2\
tu @ main.becf3a2c.js:2\
Gi @ main.becf3a2c.js:2\
(anonymous) @ main.becf3a2c.js:2\
await in (anonymous)\
(anonymous) @ main.becf3a2c.js:2\
ns @ main.becf3a2c.js:2\
xu @ main.becf3a2c.js:2\
(anonymous) @ main.becf3a2c.js:2\
k @ main.becf3a2c.js:2\
T @ main.becf3a2c.js:2\
postMessage\
S @ main.becf3a2c.js:2\
R @ main.becf3a2c.js:2\
t.unstable_scheduleCallback @ main.becf3a2c.js:2\
Cu @ main.becf3a2c.js:2\
nu @ main.becf3a2c.js:2\
tu @ main.becf3a2c.js:2\
Gi @ main.becf3a2c.js:2\
(anonymous) @ main.becf3a2c.js:2\
main.becf3a2c.js:2 Error loading booked appointments: SyntaxError: Unexpected token '<', "<!doctype "... is not valid JSON\
(anonymous) @ main.becf3a2c.js:2\
main.becf3a2c.js:2 Error loading days off: SyntaxError: Unexpected token '<', "<!doctype "... is not valid JSON\
(anonymous) @ main.becf3a2c.js:2\
main.becf3a2c.js:2 Error loading days off: SyntaxError: Unexpected token '<', "<!doctype "... is not valid JSON\
(anonymous) @ main.becf3a2c.js:2\
main.becf3a2c.js:2 Error loading blocked slots: SyntaxError: Unexpected token '<', "<!doctype "... is not valid JSON\
(anonymous) @ main.becf3a2c.js:2\
main.becf3a2c.js:2 Error loading booked appointments: SyntaxError: Unexpected token '<', "<!doctype "... is not valid JSON\
(anonymous) @ main.becf3a2c.js:2\
main.becf3a2c.js:2 Error loading blocked slots: SyntaxError: Unexpected token '<', "<!doctype "... is not valid JSON\
(anonymous) @ main.becf3a2c.js:2\
main.becf3a2c.js:2 Error loading days off: SyntaxError: Unexpected token '<', "<!doctype "... is not valid JSON\
(anonymous) @ main.becf3a2c.js:2\
main.becf3a2c.js:2 Error loading days off: SyntaxError: Unexpected token '<', "<!doctype "... is not valid JSON\
(anonymous) @ main.becf3a2c.js:2\
main.becf3a2c.js:2 Error loading booked appointments: SyntaxError: Unexpected token '<', "<!doctype "... is not valid JSON\
(anonymous) @ main.becf3a2c.js:2\
main.becf3a2c.js:2 Error loading blocked slots: SyntaxError: Unexpected token '<', "<!doctype "... is not valid JSON\
(anonymous) @ main.becf3a2c.js:2\
main.becf3a2c.js:2 Error loading days off: SyntaxError: Unexpected token '<', "<!doctype "... is not valid JSON\
(anonymous) @ main.becf3a2c.js:2\
main.becf3a2c.js:2 Error loading booked appointments: SyntaxError: Unexpected token '<', "<!doctype "... is not valid JSON\
(anonymous) @ main.becf3a2c.js:2\
main.becf3a2c.js:2 Error loading booked appointments: SyntaxError: Unexpected token '<', "<!doctype "... is not valid JSON\
(anonymous) @ main.becf3a2c.js:2\
main.becf3a2c.js:2 Error loading slots: SyntaxError: Unexpected token '<', "<!doctype "... is not valid JSON\
(anonymous) @ main.becf3a2c.js:2\
await in (anonymous)\
(anonymous) @ main.becf3a2c.js:2\
ns @ main.becf3a2c.js:2\
xu @ main.becf3a2c.js:2\
(anonymous) @ main.becf3a2c.js:2\
k @ main.becf3a2c.js:2\
T @ main.becf3a2c.js:2\
postMessage\
S @ main.becf3a2c.js:2\
R @ main.becf3a2c.js:2\
t.unstable_scheduleCallback @ main.becf3a2c.js:2\
Cu @ main.becf3a2c.js:2\
nu @ main.becf3a2c.js:2\
tu @ main.becf3a2c.js:2\
Gi @ main.becf3a2c.js:2\
(anonymous) @ main.becf3a2c.js:2\
await in (anonymous)\
(anonymous) @ main.becf3a2c.js:2\
ns @ main.becf3a2c.js:2\
xu @ main.becf3a2c.js:2\
(anonymous) @ main.becf3a2c.js:2\
k @ main.becf3a2c.js:2\
T @ main.becf3a2c.js:2\
postMessage\
S @ main.becf3a2c.js:2\
R @ main.becf3a2c.js:2\
t.unstable_scheduleCallback @ main.becf3a2c.js:2\
Cu @ main.becf3a2c.js:2\
nu @ main.becf3a2c.js:2\
tu @ main.becf3a2c.js:2\
Gi @ main.becf3a2c.js:2\
(anonymous) @ main.becf3a2c.js:2\
await in (anonymous)\
(anonymous) @ main.becf3a2c.js:2\
ns @ main.becf3a2c.js:2\
xu @ main.becf3a2c.js:2\
(anonymous) @ main.becf3a2c.js:2\
k @ main.becf3a2c.js:2\
T @ main.becf3a2c.js:2\
postMessage\
S @ main.becf3a2c.js:2\
R @ main.becf3a2c.js:2\
t.unstable_scheduleCallback @ main.becf3a2c.js:2\
Cu @ main.becf3a2c.js:2\
nu @ main.becf3a2c.js:2\
tu @ main.becf3a2c.js:2\
Gi @ main.becf3a2c.js:2\
(anonymous) @ main.becf3a2c.js:2\
main.becf3a2c.js:2 Error loading blocked slots: SyntaxError: Unexpected token '<', "<!doctype "... is not valid JSON\
(anonymous) @ main.becf3a2c.js:2\
main.becf3a2c.js:2 Error loading blocked slots: SyntaxError: Unexpected token '<', "<!doctype "... is not valid JSON\
(anonymous) @ main.becf3a2c.js:2\
main.becf3a2c.js:2 Error loading blocked slots: SyntaxError: Unexpected token '<', "<!doctype "... is not valid JSON\
(anonymous) @ main.becf3a2c.js:2\
main.becf3a2c.js:2 Error loading booked appointments: SyntaxError: Unexpected token '<', "<!doctype "... is not valid JSON\
(anonymous) @ main.becf3a2c.js:2\
main.becf3a2c.js:2 Error loading days off: SyntaxError: Unexpected token '<', "<!doctype "... is not valid JSON\
(anonymous) @ main.becf3a2c.js:2\
main.becf3a2c.js:2 Error loading days off: SyntaxError: Unexpected token '<', "<!doctype "... is not valid JSON\
(anonymous) @ main.becf3a2c.js:2\
main.becf3a2c.js:2 Error loading blocked slots: SyntaxError: Unexpected token '<', "<!doctype "... is not valid JSON\
(anonymous) @ main.becf3a2c.js:2\
main.becf3a2c.js:2 Error loading booked appointments: SyntaxError: Unexpected token '<', "<!doctype "... is not valid JSON\
(anonymous) @ main.becf3a2c.js:2\
main.becf3a2c.js:2 Error loading slots: SyntaxError: Unexpected token '<', "<!doctype "... is not valid JSON\
(anonymous) @ main.becf3a2c.js:2\
await in (anonymous)\
(anonymous) @ main.becf3a2c.js:2\
ns @ main.becf3a2c.js:2\
xu @ main.becf3a2c.js:2\
(anonymous) @ main.becf3a2c.js:2\
k @ main.becf3a2c.js:2\
T @ main.becf3a2c.js:2\
postMessage\
S @ main.becf3a2c.js:2\
R @ main.becf3a2c.js:2\
t.unstable_scheduleCallback @ main.becf3a2c.js:2\
Cu @ main.becf3a2c.js:2\
nu @ main.becf3a2c.js:2\
tu @ main.becf3a2c.js:2\
Gi @ main.becf3a2c.js:2\
(anonymous) @ main.becf3a2c.js:2\
 Error loading days off: \
 Error loading blocked slots: \
 Error loading booked appointments: \
 Error loading days off: \
 Error loading blocked slots: \
 Error loading booked appointments: \
 Error loading blocked slots: \
 Error loading days off: \
 Error loading booked appointments: \
 Error loading slots: \
 Error loading blocked slots: \
 Error loading days off: \
 Error loading blocked slots: \
 Error loading booked appointments: \
 Error loading days off: \
 Error loading booked appointments: \
 Error loading blocked slots: \
 Error loading slots: \
 Error loading days off: \
 Error loading booked appointments: \
 Error loading days off: \
 Error loading booked appointments: \
 Error loading blocked slots: \
 Error loading slots: \
 Error loading blocked slots: \
 Error loading booked appointments: \
 Error loading days off: \
 Error loading days off: \
 Error loading blocked slots: \
 Error loading booked appointments: \
 Error loading slots: \
 Error loading blocked slots: \
 Error loading booked appointments: \
 Error loading days off: \
 Error loading blocked slots: \
 Error loading booked appointments: \
 Error loading days off: \
 Error loading blocked slots: \
 Error loading days off: \
 Error loading slots: \
 Error loading booked appointments: \
 Error loading blocked slots: \
 Error loading days off: \
 Error loading booked appointments: \
 Error loading blocked slots: \
 Error loading slots: \
 Error loading days off: \
 Error loading booked appointments: \
 Error loading blocked slots: \
 Error loading days off: \
 Error loading booked appointments: \
 Error loading slots: \
 Error loading blocked slots: \
 Error loading slots: \
 Error loading days off: \
 Error loading booked appointments: \
 Error loading booked appointments: \
 Error loading blocked slots: \
 Error loading days off: \
 Error loading slots: \
 Error loading booked appointments: \
 Error loading days off: \
 Error loading blocked slots: \
 Error loading slots: \
 Error loading booked appointments: \
 Error loading days off: \
 Error loading blocked slots: \
 Error loading slots: \
 Error loading booked appointments: \
 Error loading days off: \
 Error loading slots: \
 Error loading blocked slots: \
 Error loading days off: \
 Error loading booked appointments: \
 Error loading blocked slots: \
 Error loading slots: \
 Error loading booked appointments: \
 Error loading slots: \
 Error loading blocked slots: \
 Error loading days off: \
 Error loading booked appointments: \
 Error loading blocked slots: \
 Error loading days off: \
 Error loading slots: \
 Error loading slots: \
 Error loading blocked slots: \
 Error loading booked appointments: \
 Error loading days off: \
 Error loading booked appointments: \
 Error loading blocked slots: \
 Error loading days off: \
 Error loading slots: \
 Error loading booked appointments: \
 Error loading slots: \
 Error loading blocked slots: \
 Error loading days off: \
 Error loading booked appointments: \
 Error loading blocked slots: \
 Error loading days off: \
 Error loading slots: \
 Error loading booked appointments: \
 Error loading blocked slots: \
 Error loading slots: \
 Error loading blocked slots: \
 Error loading booked appointments: \
 Error loading days off: \
 Error loading days off: \
 Error loading slots: \
 Error loading slots: \
 Error loading booked appointments: \
 Error loading blocked slots: \
 Error loading days off: \
 Error loading blocked slots: \
 Error loading booked appointments: \
 Error loading days off: \
 Error loading slots: \
 Error loading blocked slots: \
 Error loading booked appointments: \
 Error loading slots: \
 Error loading booked appointments: \
 Error loading blocked slots: \
 Error loading days off: \
 Error loading slots: \
 Error loading days off: \
 Error loading booked appointments: \
 Error loading slots: \
 Error loading blocked slots: \
 Error loading booked appointments: \
 Error loading days off: \
 Error loading blocked slots: \
 Error loading days off: \
 Error loading slots: \
 Error loading slots: \
 Error loading booked appointments: \
 Error loading blocked slots: \
 Error loading days off: \
 Error loading booked appointments: \
 Error loading days off: \
 Error loading blocked slots: \
 Error loading slots: \
 Error loading slots: \
 Error loading booked appointments: \
 Error loading days off: \
 Error loading blocked slots: \
 Error loading booked appointments: \
 Error loading days off: \
 Error loading slots: \
 Error loading blocked slots: \
 Error loading slots: \
 Error loading booked appointments: \
 Error loading days off: \
 Error loading booked appointments: \
 Error loading days off: \
 Error loading blocked slots: \
 Error loading slots: \
 Error loading blocked slots: \
 Error loading booked appointments: \
 Error loading slots: \
 Error loading days off: \
 Error loading booked appointments: \
 Error loading days off: \
 Error loading blocked slots: \
 Error loading slots: \
 Error loading blocked slots: \
 Error loading slots: \
 Error loading booked appointments: \
 Error loading days off: \
 Error loading booked appointments: \
 Error loading days off: \
 Error loading blocked slots: \
 Error loading slots: \
 Error loading blocked slots: \
 Error loading booked appointments: \
 Error loading slots: \
 Error loading days off: \
 Error loading booked appointments: \
 Error loading days off: \
 Error loading blocked slots: \
 Error loading slots: \
 Error loading blocked slots: \
 Error loading days off: \
 Error loading booked appointments: \
 Error loading slots: \
 Error loading days off: \
 Error loading booked appointments: \
 Error loading blocked slots: \
 Error loading slots: \
 Error loading blocked slots: \
 Error loading days off: \
 Error loading slots: \
 Error loading booked appointments: \
 Error loading days off: \
 Error loading blocked slots: \
 Error loading booked appointments: \
 Error loading slots: \
 Error loading blocked slots: \
 Error loading days off: \
 Error loading slots: \
 Error loading booked appointments: \
 Error loading days off: \
 Error loading booked appointments: \
 Error loading blocked slots: \
 Error loading slots: \
 Error loading blocked slots: \
 Error loading days off: \
 Error loading slots: \
 Error loading booked appointments: \
 Error loading days off: \
 Error loading booked appointments: \
 Error loading blocked slots: \
 Error loading slots: \
 Error loading blocked slots: \
 Error loading days off: \
 Error loading booked appointments: \
 Error loading slots: \
 Error loading days off: \
 Error loading booked appointments: \
 Error loading blocked slots: \
 Error loading slots: \
 Error loading blocked slots: \
 Error loading days off: \
 Error loading booked appointments: \
 Error loading slots: \
 Error loading booked appointments: \
 Error loading days off: \
 Error loading slots: \
 Error loading blocked slots: \
 Error loading blocked slots: \
 Error loading slots: \
 Error loading days off: \
 Error loading booked appointments: \
 Error loading days off: \
 Error loading booked appointments: \
 Error loading slots: \
 Error loading blocked slots: \
 Error loading blocked slots: \
 Error loading slots: \
 Error loading booked appointments: \
 Error loading days off: \
 Error loading days off: \
 Error loading booked appointments: \
 Error loading blocked slots: \
 Error loading slots: \
 Error loading blocked slots: \
 Error loading booked appointments: \
 Error loading days off: \
 Error loading slots: \
 Error loading booked appointments: \
 Error loading days off: \
 Error loading slots: \
 Error loading blocked slots: \
 Error loading blocked slots: \
 Error loading days off: \
 Error loading booked appointments: \
 Error loading slots: \
 Error loading booked appointments: \
 Error loading days off: \
 Error loading slots: \
 Error loading blocked slots: \
 Error loading blocked slots: \
 Error loading booked appointments: \
 Error loading days off: \
 Error loading slots: \
 Error loading days off: \
 Error loading booked appointments: \
 Error loading blocked slots: \
 Error loading slots: \
 Error loading blocked slots: \
 Error loading days off: \
 Error loading slots: \
 Error loading booked appointments: \
 Error loading days off: \
 Error loading booked appointments: \
 Error loading slots: \
 Error loading blocked slots: \
 Error loading blocked slots: \
 Error loading slots: \
 Error loading days off: \
 Error loading booked appointments: \
 Error loading days off: \
 Error loading booked appointments: \
 Error loading slots: \
 Error loading blocked slots: \
 Error loading blocked slots: \
 Error loading slots: \
 Error loading days off: \
 Error loading booked appointments: \
 Error loading days off: \
 Error loading booked appointments: \
 Error loading slots: \
 Error loading blocked slots: \
 Error loading blocked slots: \
 Error loading days off: \
 Error loading slots: \
 Error loading days off: \
 Error loading booked appointments: \
 Error loading slots: \
 Error loading blocked slots: \
 Error loading booked appointments: \
 Error loading blocked slots: \
 Error loading days off: \
 Error loading slots: \
 Error loading days off: \
 Error loading booked appointments: \
 Error loading slots: \
 Error loading booked appointments: \
 Error loading blocked slots: \
 Error loading blocked slots: \
 Error loading slots: \
 Error loading days off: \
 Error loading days off: \
 Error loading booked appointments: \
 Error loading slots: \
 Error loading blocked slots: \
 Error loading booked appointments: \
 Error loading blocked slots: \
 Error loading days off: \
 Error loading slots: \
 Error loading days off: \
 Error loading booked appointments: \
 Error loading slots: \
 Error loading blocked slots: \
 Error loading booked appointments: \
 Error loading blocked slots: \
 Error loading days off: \
 Error loading slots: \
 Error loading days off: \
 Error loading booked appointments: \
 Error loading booked appointments: \
 Error loading blocked slots: \
 Error loading blocked slots: \
 Error loading slots: \
 Error loading days off: \
 Error loading booked appointments: \
 Error loading days off: \
 Error loading slots: \
 Error loading blocked slots: \
 Error loading booked appointments: \
 Error loading blocked slots: \
 Error loading days off: \
 Error loading slots: \
 Error loading booked appointments: \
 Error loading days off: \
 Error loading slots: \
 Error loading blocked slots: \
 Error loading booked appointments: \
 Error loading blocked slots: \
 Error loading slots: \
 Error loading days off: \
 Error loading days off: \
 Error loading booked appointments: \
 Error loading slots: \
 Error loading booked appointments: \
 Error loading blocked slots: \
 Error loading blocked slots: \
 Error loading days off: \
 Error loading slots: \
 Error loading days off: \
 Error loading booked appointments: \
}